Archive member included to satisfy reference by file (symbol)

c:/program files (x86)/atmel/studio/7.0/toolchain/avr8/avr8-gnu-toolchain/bin/../lib/gcc/avr/4.9.2/avrxmega7\libgcc.a(_udivmodsi4.o)
                              src/main.o (__udivmodsi4)
c:/program files (x86)/atmel/studio/7.0/toolchain/avr8/avr8-gnu-toolchain/bin/../lib/gcc/avr/4.9.2/avrxmega7\libgcc.a(_exit.o)
                              C:/Program Files (x86)/Atmel/Studio/7.0/Packs/atmel/XMEGAA_DFP/1.1.63/gcc/dev/atxmega128a1u/avrxmega7/crtatxmega128a1u.o (exit)
c:/program files (x86)/atmel/studio/7.0/toolchain/avr8/avr8-gnu-toolchain/bin/../lib/gcc/avr/4.9.2/avrxmega7\libgcc.a(_copy_data.o)
                              src/main.o (__do_copy_data)
c:/program files (x86)/atmel/studio/7.0/toolchain/avr8/avr8-gnu-toolchain/bin/../lib/gcc/avr/4.9.2/avrxmega7\libgcc.a(_clear_bss.o)
                              src/ASF/xmega/drivers/crc/crc.o (__do_clear_bss)
c:/program files (x86)/atmel/studio/7.0/toolchain/avr8/avr8-gnu-toolchain/bin/../lib/gcc/avr/4.9.2/../../../../avr/lib/avrxmega7\libc.a(memcpy.o)
                              src/ASF/xmega/drivers/nvm/nvm.o (memcpy)

Allocating common symbols
Common symbol       size              file

cmd_data            0x5               src/main.o
send_data           0x8               src/main.o

Discarded input sections

 .data          0x00000000        0x0 C:/Program Files (x86)/Atmel/Studio/7.0/Packs/atmel/XMEGAA_DFP/1.1.63/gcc/dev/atxmega128a1u/avrxmega7/crtatxmega128a1u.o
 .bss           0x00000000        0x0 C:/Program Files (x86)/Atmel/Studio/7.0/Packs/atmel/XMEGAA_DFP/1.1.63/gcc/dev/atxmega128a1u/avrxmega7/crtatxmega128a1u.o
 .group         0x00000000        0x8 src/ASF/common/services/clock/xmega/sysclk.o
 .group         0x00000000        0x8 src/ASF/common/services/clock/xmega/sysclk.o
 .group         0x00000000        0x8 src/ASF/common/services/clock/xmega/sysclk.o
 .group         0x00000000        0x8 src/ASF/common/services/clock/xmega/sysclk.o
 .group         0x00000000        0x8 src/ASF/common/services/clock/xmega/sysclk.o
 .group         0x00000000        0x8 src/ASF/common/services/clock/xmega/sysclk.o
 .group         0x00000000        0x8 src/ASF/common/services/clock/xmega/sysclk.o
 .group         0x00000000        0x8 src/ASF/common/services/clock/xmega/sysclk.o
 .group         0x00000000        0x8 src/ASF/common/services/clock/xmega/sysclk.o
 .group         0x00000000        0x8 src/ASF/common/services/clock/xmega/sysclk.o
 .group         0x00000000        0x8 src/ASF/common/services/clock/xmega/sysclk.o
 .group         0x00000000        0x8 src/ASF/common/services/clock/xmega/sysclk.o
 .group         0x00000000        0x8 src/ASF/common/services/clock/xmega/sysclk.o
 .group         0x00000000        0x8 src/ASF/common/services/clock/xmega/sysclk.o
 .group         0x00000000        0x8 src/ASF/common/services/clock/xmega/sysclk.o
 .group         0x00000000        0x8 src/ASF/common/services/clock/xmega/sysclk.o
 .group         0x00000000        0x8 src/ASF/common/services/clock/xmega/sysclk.o
 .group         0x00000000        0x8 src/ASF/common/services/clock/xmega/sysclk.o
 .group         0x00000000        0x8 src/ASF/common/services/clock/xmega/sysclk.o
 .group         0x00000000        0x8 src/ASF/common/services/clock/xmega/sysclk.o
 .group         0x00000000        0x8 src/ASF/common/services/clock/xmega/sysclk.o
 .group         0x00000000        0x8 src/ASF/common/services/clock/xmega/sysclk.o
 .group         0x00000000        0x8 src/ASF/common/services/clock/xmega/sysclk.o
 .group         0x00000000        0x8 src/ASF/common/services/clock/xmega/sysclk.o
 .group         0x00000000        0x8 src/ASF/common/services/clock/xmega/sysclk.o
 .group         0x00000000        0x8 src/ASF/common/services/clock/xmega/sysclk.o
 .group         0x00000000        0x8 src/ASF/common/services/clock/xmega/sysclk.o
 .group         0x00000000        0x8 src/ASF/common/services/clock/xmega/sysclk.o
 .group         0x00000000        0x8 src/ASF/common/services/clock/xmega/sysclk.o
 .group         0x00000000        0x8 src/ASF/common/services/clock/xmega/sysclk.o
 .group         0x00000000        0x8 src/ASF/common/services/clock/xmega/sysclk.o
 .group         0x00000000        0x8 src/ASF/common/services/clock/xmega/sysclk.o
 .group         0x00000000        0x8 src/ASF/common/services/clock/xmega/sysclk.o
 .group         0x00000000        0x8 src/ASF/common/services/clock/xmega/sysclk.o
 .group         0x00000000        0x8 src/ASF/common/services/clock/xmega/sysclk.o
 .group         0x00000000        0x8 src/ASF/common/services/clock/xmega/sysclk.o
 .group         0x00000000        0x8 src/ASF/common/services/clock/xmega/sysclk.o
 .group         0x00000000        0x8 src/ASF/common/services/clock/xmega/sysclk.o
 .text          0x00000000        0x0 src/ASF/common/services/clock/xmega/sysclk.o
 .data          0x00000000        0x0 src/ASF/common/services/clock/xmega/sysclk.o
 .bss           0x00000000        0x0 src/ASF/common/services/clock/xmega/sysclk.o
 .text.sysclk_init
                0x00000000       0x20 src/ASF/common/services/clock/xmega/sysclk.o
 .text.sysclk_disable_module
                0x00000000       0x2a src/ASF/common/services/clock/xmega/sysclk.o
 .text.sysclk_enable_usb
                0x00000000       0x50 src/ASF/common/services/clock/xmega/sysclk.o
 .text.sysclk_disable_usb
                0x00000000       0x14 src/ASF/common/services/clock/xmega/sysclk.o
 .group         0x00000000        0x8 src/ASF/xmega/drivers/crc/crc.o
 .group         0x00000000        0x8 src/ASF/xmega/drivers/crc/crc.o
 .group         0x00000000        0x8 src/ASF/xmega/drivers/crc/crc.o
 .group         0x00000000        0x8 src/ASF/xmega/drivers/crc/crc.o
 .group         0x00000000        0x8 src/ASF/xmega/drivers/crc/crc.o
 .group         0x00000000        0x8 src/ASF/xmega/drivers/crc/crc.o
 .group         0x00000000        0x8 src/ASF/xmega/drivers/crc/crc.o
 .group         0x00000000        0x8 src/ASF/xmega/drivers/crc/crc.o
 .group         0x00000000        0x8 src/ASF/xmega/drivers/crc/crc.o
 .group         0x00000000        0x8 src/ASF/xmega/drivers/crc/crc.o
 .group         0x00000000        0x8 src/ASF/xmega/drivers/crc/crc.o
 .group         0x00000000        0x8 src/ASF/xmega/drivers/crc/crc.o
 .group         0x00000000        0x8 src/ASF/xmega/drivers/crc/crc.o
 .group         0x00000000        0x8 src/ASF/xmega/drivers/crc/crc.o
 .group         0x00000000        0x8 src/ASF/xmega/drivers/crc/crc.o
 .group         0x00000000        0x8 src/ASF/xmega/drivers/crc/crc.o
 .group         0x00000000        0x8 src/ASF/xmega/drivers/crc/crc.o
 .group         0x00000000        0x8 src/ASF/xmega/drivers/crc/crc.o
 .group         0x00000000        0x8 src/ASF/xmega/drivers/crc/crc.o
 .group         0x00000000        0x8 src/ASF/xmega/drivers/crc/crc.o
 .group         0x00000000        0x8 src/ASF/xmega/drivers/crc/crc.o
 .group         0x00000000        0x8 src/ASF/xmega/drivers/crc/crc.o
 .group         0x00000000        0x8 src/ASF/xmega/drivers/crc/crc.o
 .group         0x00000000        0x8 src/ASF/xmega/drivers/crc/crc.o
 .group         0x00000000        0x8 src/ASF/xmega/drivers/crc/crc.o
 .group         0x00000000        0x8 src/ASF/xmega/drivers/crc/crc.o
 .group         0x00000000        0x8 src/ASF/xmega/drivers/crc/crc.o
 .group         0x00000000        0x8 src/ASF/xmega/drivers/crc/crc.o
 .group         0x00000000        0x8 src/ASF/xmega/drivers/crc/crc.o
 .group         0x00000000        0x8 src/ASF/xmega/drivers/crc/crc.o
 .group         0x00000000        0x8 src/ASF/xmega/drivers/crc/crc.o
 .group         0x00000000        0x8 src/ASF/xmega/drivers/crc/crc.o
 .group         0x00000000        0x8 src/ASF/xmega/drivers/crc/crc.o
 .group         0x00000000        0x8 src/ASF/xmega/drivers/crc/crc.o
 .text          0x00000000        0x0 src/ASF/xmega/drivers/crc/crc.o
 .data          0x00000000        0x0 src/ASF/xmega/drivers/crc/crc.o
 .bss           0x00000000        0x0 src/ASF/xmega/drivers/crc/crc.o
 .text.crc_io_checksum_byte_add
                0x00000000        0x6 src/ASF/xmega/drivers/crc/crc.o
 .text.crc32_append_value
                0x00000000       0x62 src/ASF/xmega/drivers/crc/crc.o
 .text.crc16_append_value
                0x00000000        0x8 src/ASF/xmega/drivers/crc/crc.o
 .text.crc_set_initial_value
                0x00000000       0x12 src/ASF/xmega/drivers/crc/crc.o
 .text.crc_dma_checksum_start
                0x00000000       0x92 src/ASF/xmega/drivers/crc/crc.o
 .text.crc_dma_checksum_stop
                0x00000000       0x9e src/ASF/xmega/drivers/crc/crc.o
 .text.crc_flash_checksum
                0x00000000      0x16c src/ASF/xmega/drivers/crc/crc.o
 .debug_macro   0x00000000      0xa96 src/ASF/xmega/drivers/crc/crc.o
 .debug_macro   0x00000000       0x22 src/ASF/xmega/drivers/crc/crc.o
 .debug_macro   0x00000000       0x1c src/ASF/xmega/drivers/crc/crc.o
 .debug_macro   0x00000000       0x66 src/ASF/xmega/drivers/crc/crc.o
 .debug_macro   0x00000000       0x10 src/ASF/xmega/drivers/crc/crc.o
 .debug_macro   0x00000000      0x1c9 src/ASF/xmega/drivers/crc/crc.o
 .debug_macro   0x00000000      0x2fc src/ASF/xmega/drivers/crc/crc.o
 .debug_macro   0x00000000       0x9e src/ASF/xmega/drivers/crc/crc.o
 .debug_macro   0x00000000     0x6ddf src/ASF/xmega/drivers/crc/crc.o
 .debug_macro   0x00000000       0x9a src/ASF/xmega/drivers/crc/crc.o
 .debug_macro   0x00000000       0xf1 src/ASF/xmega/drivers/crc/crc.o
 .debug_macro   0x00000000       0x34 src/ASF/xmega/drivers/crc/crc.o
 .debug_macro   0x00000000       0x10 src/ASF/xmega/drivers/crc/crc.o
 .debug_macro   0x00000000       0x18 src/ASF/xmega/drivers/crc/crc.o
 .debug_macro   0x00000000       0x5e src/ASF/xmega/drivers/crc/crc.o
 .debug_macro   0x00000000       0x10 src/ASF/xmega/drivers/crc/crc.o
 .debug_macro   0x00000000      0x652 src/ASF/xmega/drivers/crc/crc.o
 .debug_macro   0x00000000       0x97 src/ASF/xmega/drivers/crc/crc.o
 .debug_macro   0x00000000       0x17 src/ASF/xmega/drivers/crc/crc.o
 .debug_macro   0x00000000      0x250 src/ASF/xmega/drivers/crc/crc.o
 .debug_macro   0x00000000       0x76 src/ASF/xmega/drivers/crc/crc.o
 .debug_macro   0x00000000       0x16 src/ASF/xmega/drivers/crc/crc.o
 .debug_macro   0x00000000      0x6e3 src/ASF/xmega/drivers/crc/crc.o
 .debug_macro   0x00000000       0x10 src/ASF/xmega/drivers/crc/crc.o
 .debug_macro   0x00000000       0x35 src/ASF/xmega/drivers/crc/crc.o
 .debug_macro   0x00000000      0x175 src/ASF/xmega/drivers/crc/crc.o
 .debug_macro   0x00000000       0x40 src/ASF/xmega/drivers/crc/crc.o
 .debug_macro   0x00000000       0x69 src/ASF/xmega/drivers/crc/crc.o
 .debug_macro   0x00000000       0x32 src/ASF/xmega/drivers/crc/crc.o
 .debug_macro   0x00000000       0xe4 src/ASF/xmega/drivers/crc/crc.o
 .group         0x00000000        0x8 src/ASF/xmega/drivers/nvm/nvm.o
 .group         0x00000000        0x8 src/ASF/xmega/drivers/nvm/nvm.o
 .group         0x00000000        0x8 src/ASF/xmega/drivers/nvm/nvm.o
 .group         0x00000000        0x8 src/ASF/xmega/drivers/nvm/nvm.o
 .group         0x00000000        0x8 src/ASF/xmega/drivers/nvm/nvm.o
 .group         0x00000000        0x8 src/ASF/xmega/drivers/nvm/nvm.o
 .group         0x00000000        0x8 src/ASF/xmega/drivers/nvm/nvm.o
 .group         0x00000000        0x8 src/ASF/xmega/drivers/nvm/nvm.o
 .group         0x00000000        0x8 src/ASF/xmega/drivers/nvm/nvm.o
 .group         0x00000000        0x8 src/ASF/xmega/drivers/nvm/nvm.o
 .group         0x00000000        0x8 src/ASF/xmega/drivers/nvm/nvm.o
 .group         0x00000000        0x8 src/ASF/xmega/drivers/nvm/nvm.o
 .group         0x00000000        0x8 src/ASF/xmega/drivers/nvm/nvm.o
 .group         0x00000000        0x8 src/ASF/xmega/drivers/nvm/nvm.o
 .group         0x00000000        0x8 src/ASF/xmega/drivers/nvm/nvm.o
 .group         0x00000000        0x8 src/ASF/xmega/drivers/nvm/nvm.o
 .group         0x00000000        0x8 src/ASF/xmega/drivers/nvm/nvm.o
 .group         0x00000000        0x8 src/ASF/xmega/drivers/nvm/nvm.o
 .group         0x00000000        0x8 src/ASF/xmega/drivers/nvm/nvm.o
 .group         0x00000000        0x8 src/ASF/xmega/drivers/nvm/nvm.o
 .group         0x00000000        0x8 src/ASF/xmega/drivers/nvm/nvm.o
 .group         0x00000000        0x8 src/ASF/xmega/drivers/nvm/nvm.o
 .group         0x00000000        0x8 src/ASF/xmega/drivers/nvm/nvm.o
 .group         0x00000000        0x8 src/ASF/xmega/drivers/nvm/nvm.o
 .group         0x00000000        0x8 src/ASF/xmega/drivers/nvm/nvm.o
 .group         0x00000000        0x8 src/ASF/xmega/drivers/nvm/nvm.o
 .group         0x00000000        0x8 src/ASF/xmega/drivers/nvm/nvm.o
 .group         0x00000000        0x8 src/ASF/xmega/drivers/nvm/nvm.o
 .group         0x00000000        0x8 src/ASF/xmega/drivers/nvm/nvm.o
 .group         0x00000000        0x8 src/ASF/xmega/drivers/nvm/nvm.o
 .group         0x00000000        0x8 src/ASF/xmega/drivers/nvm/nvm.o
 .group         0x00000000        0x8 src/ASF/xmega/drivers/nvm/nvm.o
 .group         0x00000000        0x8 src/ASF/xmega/drivers/nvm/nvm.o
 .text          0x00000000        0x0 src/ASF/xmega/drivers/nvm/nvm.o
 .data          0x00000000        0x0 src/ASF/xmega/drivers/nvm/nvm.o
 .bss           0x00000000        0x0 src/ASF/xmega/drivers/nvm/nvm.o
 .text.nvm_read_device_serial
                0x00000000       0x90 src/ASF/xmega/drivers/nvm/nvm.o
 .text.nvm_eeprom_read_byte
                0x00000000       0x22 src/ASF/xmega/drivers/nvm/nvm.o
 .text.nvm_eeprom_read_buffer
                0x00000000       0x32 src/ASF/xmega/drivers/nvm/nvm.o
 .text.nvm_eeprom_flush_buffer
                0x00000000       0x24 src/ASF/xmega/drivers/nvm/nvm.o
 .text.nvm_eeprom_load_byte_to_buffer
                0x00000000       0x24 src/ASF/xmega/drivers/nvm/nvm.o
 .text.nvm_eeprom_write_byte
                0x00000000       0x50 src/ASF/xmega/drivers/nvm/nvm.o
 .text.nvm_eeprom_load_page_to_buffer
                0x00000000       0x40 src/ASF/xmega/drivers/nvm/nvm.o
 .text.nvm_eeprom_atomic_write_page
                0x00000000       0x3c src/ASF/xmega/drivers/nvm/nvm.o
 .text.nvm_eeprom_erase_and_write_buffer
                0x00000000       0x86 src/ASF/xmega/drivers/nvm/nvm.o
 .text.nvm_eeprom_split_write_page
                0x00000000       0x3c src/ASF/xmega/drivers/nvm/nvm.o
 .text.nvm_eeprom_fill_buffer_with_value
                0x00000000       0x2a src/ASF/xmega/drivers/nvm/nvm.o
 .text.nvm_eeprom_erase_bytes_in_page
                0x00000000       0x3c src/ASF/xmega/drivers/nvm/nvm.o
 .text.nvm_eeprom_erase_page
                0x00000000       0x14 src/ASF/xmega/drivers/nvm/nvm.o
 .text.nvm_eeprom_erase_bytes_in_all_pages
                0x00000000       0x2e src/ASF/xmega/drivers/nvm/nvm.o
 .text.nvm_eeprom_erase_all
                0x00000000        0xc src/ASF/xmega/drivers/nvm/nvm.o
 .text.nvm_issue_flash_range_crc
                0x00000000       0x5a src/ASF/xmega/drivers/nvm/nvm.o
 .text.nvm_flash_read_buffer
                0x00000000       0x34 src/ASF/xmega/drivers/nvm/nvm.o
 .text.nvm_user_sig_read_buffer
                0x00000000       0x3c src/ASF/xmega/drivers/nvm/nvm.o
 .text.nvm_user_sig_write_buffer
                0x00000000      0x158 src/ASF/xmega/drivers/nvm/nvm.o
 .text.nvm_flash_erase_and_write_buffer
                0x00000000      0x1c4 src/ASF/xmega/drivers/nvm/nvm.o
 .text.nvm_fuses_read
                0x00000000       0x32 src/ASF/xmega/drivers/nvm/nvm.o
 .debug_info    0x00000000     0x13d0 src/ASF/xmega/drivers/nvm/nvm.o
 .debug_abbrev  0x00000000      0x3e5 src/ASF/xmega/drivers/nvm/nvm.o
 .debug_loc     0x00000000     0x11ef src/ASF/xmega/drivers/nvm/nvm.o
 .debug_aranges
                0x00000000       0xc0 src/ASF/xmega/drivers/nvm/nvm.o
 .debug_ranges  0x00000000       0xb0 src/ASF/xmega/drivers/nvm/nvm.o
 .debug_macro   0x00000000      0x198 src/ASF/xmega/drivers/nvm/nvm.o
 .debug_macro   0x00000000      0xa96 src/ASF/xmega/drivers/nvm/nvm.o
 .debug_macro   0x00000000       0x10 src/ASF/xmega/drivers/nvm/nvm.o
 .debug_macro   0x00000000      0x1c9 src/ASF/xmega/drivers/nvm/nvm.o
 .debug_macro   0x00000000      0x2fc src/ASF/xmega/drivers/nvm/nvm.o
 .debug_macro   0x00000000       0x9e src/ASF/xmega/drivers/nvm/nvm.o
 .debug_macro   0x00000000     0x6ddf src/ASF/xmega/drivers/nvm/nvm.o
 .debug_macro   0x00000000       0x9a src/ASF/xmega/drivers/nvm/nvm.o
 .debug_macro   0x00000000       0xf1 src/ASF/xmega/drivers/nvm/nvm.o
 .debug_macro   0x00000000       0x34 src/ASF/xmega/drivers/nvm/nvm.o
 .debug_macro   0x00000000       0x10 src/ASF/xmega/drivers/nvm/nvm.o
 .debug_macro   0x00000000       0x18 src/ASF/xmega/drivers/nvm/nvm.o
 .debug_macro   0x00000000       0x5e src/ASF/xmega/drivers/nvm/nvm.o
 .debug_macro   0x00000000       0x10 src/ASF/xmega/drivers/nvm/nvm.o
 .debug_macro   0x00000000       0x22 src/ASF/xmega/drivers/nvm/nvm.o
 .debug_macro   0x00000000      0x166 src/ASF/xmega/drivers/nvm/nvm.o
 .debug_macro   0x00000000       0x1c src/ASF/xmega/drivers/nvm/nvm.o
 .debug_macro   0x00000000       0x35 src/ASF/xmega/drivers/nvm/nvm.o
 .debug_macro   0x00000000       0x66 src/ASF/xmega/drivers/nvm/nvm.o
 .debug_macro   0x00000000      0x652 src/ASF/xmega/drivers/nvm/nvm.o
 .debug_macro   0x00000000       0x97 src/ASF/xmega/drivers/nvm/nvm.o
 .debug_macro   0x00000000       0x17 src/ASF/xmega/drivers/nvm/nvm.o
 .debug_macro   0x00000000      0x250 src/ASF/xmega/drivers/nvm/nvm.o
 .debug_macro   0x00000000       0x76 src/ASF/xmega/drivers/nvm/nvm.o
 .debug_macro   0x00000000       0x16 src/ASF/xmega/drivers/nvm/nvm.o
 .debug_macro   0x00000000      0x6e3 src/ASF/xmega/drivers/nvm/nvm.o
 .debug_macro   0x00000000       0x10 src/ASF/xmega/drivers/nvm/nvm.o
 .debug_macro   0x00000000      0x175 src/ASF/xmega/drivers/nvm/nvm.o
 .debug_macro   0x00000000       0x40 src/ASF/xmega/drivers/nvm/nvm.o
 .debug_macro   0x00000000       0x69 src/ASF/xmega/drivers/nvm/nvm.o
 .debug_macro   0x00000000       0x32 src/ASF/xmega/drivers/nvm/nvm.o
 .debug_macro   0x00000000       0xe4 src/ASF/xmega/drivers/nvm/nvm.o
 .debug_macro   0x00000000       0x26 src/ASF/xmega/drivers/nvm/nvm.o
 .debug_macro   0x00000000       0x16 src/ASF/xmega/drivers/nvm/nvm.o
 .debug_line    0x00000000      0xb43 src/ASF/xmega/drivers/nvm/nvm.o
 .debug_str     0x00000000    0x2bb21 src/ASF/xmega/drivers/nvm/nvm.o
 .comment       0x00000000       0x31 src/ASF/xmega/drivers/nvm/nvm.o
 .debug_frame   0x00000000      0x348 src/ASF/xmega/drivers/nvm/nvm.o
 .text          0x00000000        0x0 src/ASF/xmega/drivers/nvm/nvm_asm.o
 .data          0x00000000        0x0 src/ASF/xmega/drivers/nvm/nvm_asm.o
 .bss           0x00000000        0x0 src/ASF/xmega/drivers/nvm/nvm_asm.o
 .text.nvm_read_byte
                0x00000000       0x14 src/ASF/xmega/drivers/nvm/nvm_asm.o
 .BOOT          0x00000000       0x44 src/ASF/xmega/drivers/nvm/nvm_asm.o
 .debug_line    0x00000000      0x11f src/ASF/xmega/drivers/nvm/nvm_asm.o
 .debug_info    0x00000000       0xa8 src/ASF/xmega/drivers/nvm/nvm_asm.o
 .debug_abbrev  0x00000000       0x12 src/ASF/xmega/drivers/nvm/nvm_asm.o
 .debug_aranges
                0x00000000       0x28 src/ASF/xmega/drivers/nvm/nvm_asm.o
 .debug_ranges  0x00000000       0x20 src/ASF/xmega/drivers/nvm/nvm_asm.o
 .text          0x00000000        0x0 src/ASF/xmega/drivers/cpu/ccp.o
 .data          0x00000000        0x0 src/ASF/xmega/drivers/cpu/ccp.o
 .bss           0x00000000        0x0 src/ASF/xmega/drivers/cpu/ccp.o
 .text.ccp_write_io
                0x00000000        0xc src/ASF/xmega/drivers/cpu/ccp.o
 .debug_line    0x00000000       0x6e src/ASF/xmega/drivers/cpu/ccp.o
 .debug_info    0x00000000       0xa8 src/ASF/xmega/drivers/cpu/ccp.o
 .debug_abbrev  0x00000000       0x14 src/ASF/xmega/drivers/cpu/ccp.o
 .debug_aranges
                0x00000000       0x20 src/ASF/xmega/drivers/cpu/ccp.o
 .group         0x00000000        0x8 src/ASF/common/services/ioport/xmega/ioport_compat.o
 .group         0x00000000        0x8 src/ASF/common/services/ioport/xmega/ioport_compat.o
 .group         0x00000000        0x8 src/ASF/common/services/ioport/xmega/ioport_compat.o
 .group         0x00000000        0x8 src/ASF/common/services/ioport/xmega/ioport_compat.o
 .group         0x00000000        0x8 src/ASF/common/services/ioport/xmega/ioport_compat.o
 .group         0x00000000        0x8 src/ASF/common/services/ioport/xmega/ioport_compat.o
 .group         0x00000000        0x8 src/ASF/common/services/ioport/xmega/ioport_compat.o
 .group         0x00000000        0x8 src/ASF/common/services/ioport/xmega/ioport_compat.o
 .group         0x00000000        0x8 src/ASF/common/services/ioport/xmega/ioport_compat.o
 .group         0x00000000        0x8 src/ASF/common/services/ioport/xmega/ioport_compat.o
 .group         0x00000000        0x8 src/ASF/common/services/ioport/xmega/ioport_compat.o
 .group         0x00000000        0x8 src/ASF/common/services/ioport/xmega/ioport_compat.o
 .group         0x00000000        0x8 src/ASF/common/services/ioport/xmega/ioport_compat.o
 .group         0x00000000        0x8 src/ASF/common/services/ioport/xmega/ioport_compat.o
 .group         0x00000000        0x8 src/ASF/common/services/ioport/xmega/ioport_compat.o
 .group         0x00000000        0x8 src/ASF/common/services/ioport/xmega/ioport_compat.o
 .group         0x00000000        0x8 src/ASF/common/services/ioport/xmega/ioport_compat.o
 .group         0x00000000        0x8 src/ASF/common/services/ioport/xmega/ioport_compat.o
 .group         0x00000000        0x8 src/ASF/common/services/ioport/xmega/ioport_compat.o
 .group         0x00000000        0x8 src/ASF/common/services/ioport/xmega/ioport_compat.o
 .group         0x00000000        0x8 src/ASF/common/services/ioport/xmega/ioport_compat.o
 .group         0x00000000        0x8 src/ASF/common/services/ioport/xmega/ioport_compat.o
 .group         0x00000000        0x8 src/ASF/common/services/ioport/xmega/ioport_compat.o
 .group         0x00000000        0x8 src/ASF/common/services/ioport/xmega/ioport_compat.o
 .group         0x00000000        0x8 src/ASF/common/services/ioport/xmega/ioport_compat.o
 .group         0x00000000        0x8 src/ASF/common/services/ioport/xmega/ioport_compat.o
 .group         0x00000000        0x8 src/ASF/common/services/ioport/xmega/ioport_compat.o
 .group         0x00000000        0x8 src/ASF/common/services/ioport/xmega/ioport_compat.o
 .group         0x00000000        0x8 src/ASF/common/services/ioport/xmega/ioport_compat.o
 .group         0x00000000        0x8 src/ASF/common/services/ioport/xmega/ioport_compat.o
 .group         0x00000000        0x8 src/ASF/common/services/ioport/xmega/ioport_compat.o
 .group         0x00000000        0x8 src/ASF/common/services/ioport/xmega/ioport_compat.o
 .group         0x00000000        0x8 src/ASF/common/services/ioport/xmega/ioport_compat.o
 .text          0x00000000        0x0 src/ASF/common/services/ioport/xmega/ioport_compat.o
 .data          0x00000000        0x0 src/ASF/common/services/ioport/xmega/ioport_compat.o
 .bss           0x00000000        0x0 src/ASF/common/services/ioport/xmega/ioport_compat.o
 .debug_macro   0x00000000      0xa96 src/ASF/common/services/ioport/xmega/ioport_compat.o
 .debug_macro   0x00000000      0x652 src/ASF/common/services/ioport/xmega/ioport_compat.o
 .debug_macro   0x00000000       0x10 src/ASF/common/services/ioport/xmega/ioport_compat.o
 .debug_macro   0x00000000      0x1c9 src/ASF/common/services/ioport/xmega/ioport_compat.o
 .debug_macro   0x00000000      0x2fc src/ASF/common/services/ioport/xmega/ioport_compat.o
 .debug_macro   0x00000000       0x9e src/ASF/common/services/ioport/xmega/ioport_compat.o
 .debug_macro   0x00000000     0x6ddf src/ASF/common/services/ioport/xmega/ioport_compat.o
 .debug_macro   0x00000000       0x9a src/ASF/common/services/ioport/xmega/ioport_compat.o
 .debug_macro   0x00000000       0xf1 src/ASF/common/services/ioport/xmega/ioport_compat.o
 .debug_macro   0x00000000       0x34 src/ASF/common/services/ioport/xmega/ioport_compat.o
 .debug_macro   0x00000000       0x10 src/ASF/common/services/ioport/xmega/ioport_compat.o
 .debug_macro   0x00000000       0x18 src/ASF/common/services/ioport/xmega/ioport_compat.o
 .debug_macro   0x00000000       0x5e src/ASF/common/services/ioport/xmega/ioport_compat.o
 .debug_macro   0x00000000       0x10 src/ASF/common/services/ioport/xmega/ioport_compat.o
 .debug_macro   0x00000000       0x22 src/ASF/common/services/ioport/xmega/ioport_compat.o
 .debug_macro   0x00000000      0x166 src/ASF/common/services/ioport/xmega/ioport_compat.o
 .debug_macro   0x00000000       0x1c src/ASF/common/services/ioport/xmega/ioport_compat.o
 .debug_macro   0x00000000       0x35 src/ASF/common/services/ioport/xmega/ioport_compat.o
 .debug_macro   0x00000000       0x66 src/ASF/common/services/ioport/xmega/ioport_compat.o
 .debug_macro   0x00000000       0x97 src/ASF/common/services/ioport/xmega/ioport_compat.o
 .debug_macro   0x00000000       0x17 src/ASF/common/services/ioport/xmega/ioport_compat.o
 .debug_macro   0x00000000      0x250 src/ASF/common/services/ioport/xmega/ioport_compat.o
 .debug_macro   0x00000000       0x76 src/ASF/common/services/ioport/xmega/ioport_compat.o
 .debug_macro   0x00000000       0x16 src/ASF/common/services/ioport/xmega/ioport_compat.o
 .debug_macro   0x00000000      0x6e3 src/ASF/common/services/ioport/xmega/ioport_compat.o
 .debug_macro   0x00000000       0x10 src/ASF/common/services/ioport/xmega/ioport_compat.o
 .debug_macro   0x00000000      0x175 src/ASF/common/services/ioport/xmega/ioport_compat.o
 .debug_macro   0x00000000       0x40 src/ASF/common/services/ioport/xmega/ioport_compat.o
 .debug_macro   0x00000000       0x69 src/ASF/common/services/ioport/xmega/ioport_compat.o
 .debug_macro   0x00000000       0x32 src/ASF/common/services/ioport/xmega/ioport_compat.o
 .debug_macro   0x00000000       0xe4 src/ASF/common/services/ioport/xmega/ioport_compat.o
 .group         0x00000000        0x8 src/ASF/xmega/boards/xmega_a1u_xplained_pro/board_init.o
 .group         0x00000000        0x8 src/ASF/xmega/boards/xmega_a1u_xplained_pro/board_init.o
 .group         0x00000000        0x8 src/ASF/xmega/boards/xmega_a1u_xplained_pro/board_init.o
 .group         0x00000000        0x8 src/ASF/xmega/boards/xmega_a1u_xplained_pro/board_init.o
 .group         0x00000000        0x8 src/ASF/xmega/boards/xmega_a1u_xplained_pro/board_init.o
 .group         0x00000000        0x8 src/ASF/xmega/boards/xmega_a1u_xplained_pro/board_init.o
 .group         0x00000000        0x8 src/ASF/xmega/boards/xmega_a1u_xplained_pro/board_init.o
 .group         0x00000000        0x8 src/ASF/xmega/boards/xmega_a1u_xplained_pro/board_init.o
 .group         0x00000000        0x8 src/ASF/xmega/boards/xmega_a1u_xplained_pro/board_init.o
 .group         0x00000000        0x8 src/ASF/xmega/boards/xmega_a1u_xplained_pro/board_init.o
 .group         0x00000000        0x8 src/ASF/xmega/boards/xmega_a1u_xplained_pro/board_init.o
 .group         0x00000000        0x8 src/ASF/xmega/boards/xmega_a1u_xplained_pro/board_init.o
 .group         0x00000000        0x8 src/ASF/xmega/boards/xmega_a1u_xplained_pro/board_init.o
 .group         0x00000000        0x8 src/ASF/xmega/boards/xmega_a1u_xplained_pro/board_init.o
 .group         0x00000000        0x8 src/ASF/xmega/boards/xmega_a1u_xplained_pro/board_init.o
 .group         0x00000000        0x8 src/ASF/xmega/boards/xmega_a1u_xplained_pro/board_init.o
 .group         0x00000000        0x8 src/ASF/xmega/boards/xmega_a1u_xplained_pro/board_init.o
 .group         0x00000000        0x8 src/ASF/xmega/boards/xmega_a1u_xplained_pro/board_init.o
 .group         0x00000000        0x8 src/ASF/xmega/boards/xmega_a1u_xplained_pro/board_init.o
 .group         0x00000000        0x8 src/ASF/xmega/boards/xmega_a1u_xplained_pro/board_init.o
 .group         0x00000000        0x8 src/ASF/xmega/boards/xmega_a1u_xplained_pro/board_init.o
 .group         0x00000000        0x8 src/ASF/xmega/boards/xmega_a1u_xplained_pro/board_init.o
 .group         0x00000000        0x8 src/ASF/xmega/boards/xmega_a1u_xplained_pro/board_init.o
 .group         0x00000000        0x8 src/ASF/xmega/boards/xmega_a1u_xplained_pro/board_init.o
 .group         0x00000000        0x8 src/ASF/xmega/boards/xmega_a1u_xplained_pro/board_init.o
 .group         0x00000000        0x8 src/ASF/xmega/boards/xmega_a1u_xplained_pro/board_init.o
 .group         0x00000000        0x8 src/ASF/xmega/boards/xmega_a1u_xplained_pro/board_init.o
 .group         0x00000000        0x8 src/ASF/xmega/boards/xmega_a1u_xplained_pro/board_init.o
 .group         0x00000000        0x8 src/ASF/xmega/boards/xmega_a1u_xplained_pro/board_init.o
 .group         0x00000000        0x8 src/ASF/xmega/boards/xmega_a1u_xplained_pro/board_init.o
 .group         0x00000000        0x8 src/ASF/xmega/boards/xmega_a1u_xplained_pro/board_init.o
 .group         0x00000000        0x8 src/ASF/xmega/boards/xmega_a1u_xplained_pro/board_init.o
 .group         0x00000000        0x8 src/ASF/xmega/boards/xmega_a1u_xplained_pro/board_init.o
 .group         0x00000000        0x8 src/ASF/xmega/boards/xmega_a1u_xplained_pro/board_init.o
 .group         0x00000000        0x8 src/ASF/xmega/boards/xmega_a1u_xplained_pro/board_init.o
 .text          0x00000000        0x0 src/ASF/xmega/boards/xmega_a1u_xplained_pro/board_init.o
 .data          0x00000000        0x0 src/ASF/xmega/boards/xmega_a1u_xplained_pro/board_init.o
 .bss           0x00000000        0x0 src/ASF/xmega/boards/xmega_a1u_xplained_pro/board_init.o
 .debug_macro   0x00000000      0xa96 src/ASF/xmega/boards/xmega_a1u_xplained_pro/board_init.o
 .debug_macro   0x00000000       0x10 src/ASF/xmega/boards/xmega_a1u_xplained_pro/board_init.o
 .debug_macro   0x00000000      0x1c9 src/ASF/xmega/boards/xmega_a1u_xplained_pro/board_init.o
 .debug_macro   0x00000000      0x2fc src/ASF/xmega/boards/xmega_a1u_xplained_pro/board_init.o
 .debug_macro   0x00000000       0x9e src/ASF/xmega/boards/xmega_a1u_xplained_pro/board_init.o
 .debug_macro   0x00000000     0x6ddf src/ASF/xmega/boards/xmega_a1u_xplained_pro/board_init.o
 .debug_macro   0x00000000       0x9a src/ASF/xmega/boards/xmega_a1u_xplained_pro/board_init.o
 .debug_macro   0x00000000       0xf1 src/ASF/xmega/boards/xmega_a1u_xplained_pro/board_init.o
 .debug_macro   0x00000000       0x34 src/ASF/xmega/boards/xmega_a1u_xplained_pro/board_init.o
 .debug_macro   0x00000000       0x10 src/ASF/xmega/boards/xmega_a1u_xplained_pro/board_init.o
 .debug_macro   0x00000000       0x18 src/ASF/xmega/boards/xmega_a1u_xplained_pro/board_init.o
 .debug_macro   0x00000000       0x5e src/ASF/xmega/boards/xmega_a1u_xplained_pro/board_init.o
 .debug_macro   0x00000000       0x10 src/ASF/xmega/boards/xmega_a1u_xplained_pro/board_init.o
 .debug_macro   0x00000000       0x22 src/ASF/xmega/boards/xmega_a1u_xplained_pro/board_init.o
 .debug_macro   0x00000000      0x166 src/ASF/xmega/boards/xmega_a1u_xplained_pro/board_init.o
 .debug_macro   0x00000000       0x1c src/ASF/xmega/boards/xmega_a1u_xplained_pro/board_init.o
 .debug_macro   0x00000000       0x35 src/ASF/xmega/boards/xmega_a1u_xplained_pro/board_init.o
 .debug_macro   0x00000000       0x66 src/ASF/xmega/boards/xmega_a1u_xplained_pro/board_init.o
 .debug_macro   0x00000000      0x652 src/ASF/xmega/boards/xmega_a1u_xplained_pro/board_init.o
 .debug_macro   0x00000000       0x97 src/ASF/xmega/boards/xmega_a1u_xplained_pro/board_init.o
 .debug_macro   0x00000000       0x17 src/ASF/xmega/boards/xmega_a1u_xplained_pro/board_init.o
 .debug_macro   0x00000000      0x250 src/ASF/xmega/boards/xmega_a1u_xplained_pro/board_init.o
 .debug_macro   0x00000000       0x76 src/ASF/xmega/boards/xmega_a1u_xplained_pro/board_init.o
 .debug_macro   0x00000000       0x16 src/ASF/xmega/boards/xmega_a1u_xplained_pro/board_init.o
 .debug_macro   0x00000000      0x6e3 src/ASF/xmega/boards/xmega_a1u_xplained_pro/board_init.o
 .debug_macro   0x00000000       0x10 src/ASF/xmega/boards/xmega_a1u_xplained_pro/board_init.o
 .debug_macro   0x00000000      0x175 src/ASF/xmega/boards/xmega_a1u_xplained_pro/board_init.o
 .debug_macro   0x00000000       0x40 src/ASF/xmega/boards/xmega_a1u_xplained_pro/board_init.o
 .debug_macro   0x00000000       0x69 src/ASF/xmega/boards/xmega_a1u_xplained_pro/board_init.o
 .debug_macro   0x00000000       0x32 src/ASF/xmega/boards/xmega_a1u_xplained_pro/board_init.o
 .debug_macro   0x00000000       0xe4 src/ASF/xmega/boards/xmega_a1u_xplained_pro/board_init.o
 .debug_macro   0x00000000      0x530 src/ASF/xmega/boards/xmega_a1u_xplained_pro/board_init.o
 .debug_macro   0x00000000       0x9a src/ASF/xmega/boards/xmega_a1u_xplained_pro/board_init.o
 .debug_macro   0x00000000      0x109 src/ASF/xmega/boards/xmega_a1u_xplained_pro/board_init.o
 .group         0x00000000        0x8 src/ASF/xmega/drivers/twi/twim.o
 .group         0x00000000        0x8 src/ASF/xmega/drivers/twi/twim.o
 .group         0x00000000        0x8 src/ASF/xmega/drivers/twi/twim.o
 .group         0x00000000        0x8 src/ASF/xmega/drivers/twi/twim.o
 .group         0x00000000        0x8 src/ASF/xmega/drivers/twi/twim.o
 .group         0x00000000        0x8 src/ASF/xmega/drivers/twi/twim.o
 .group         0x00000000        0x8 src/ASF/xmega/drivers/twi/twim.o
 .group         0x00000000        0x8 src/ASF/xmega/drivers/twi/twim.o
 .group         0x00000000        0x8 src/ASF/xmega/drivers/twi/twim.o
 .group         0x00000000        0x8 src/ASF/xmega/drivers/twi/twim.o
 .group         0x00000000        0x8 src/ASF/xmega/drivers/twi/twim.o
 .group         0x00000000        0x8 src/ASF/xmega/drivers/twi/twim.o
 .group         0x00000000        0x8 src/ASF/xmega/drivers/twi/twim.o
 .group         0x00000000        0x8 src/ASF/xmega/drivers/twi/twim.o
 .group         0x00000000        0x8 src/ASF/xmega/drivers/twi/twim.o
 .group         0x00000000        0x8 src/ASF/xmega/drivers/twi/twim.o
 .group         0x00000000        0x8 src/ASF/xmega/drivers/twi/twim.o
 .group         0x00000000        0x8 src/ASF/xmega/drivers/twi/twim.o
 .group         0x00000000        0x8 src/ASF/xmega/drivers/twi/twim.o
 .group         0x00000000        0x8 src/ASF/xmega/drivers/twi/twim.o
 .group         0x00000000        0x8 src/ASF/xmega/drivers/twi/twim.o
 .group         0x00000000        0x8 src/ASF/xmega/drivers/twi/twim.o
 .group         0x00000000        0x8 src/ASF/xmega/drivers/twi/twim.o
 .group         0x00000000        0x8 src/ASF/xmega/drivers/twi/twim.o
 .group         0x00000000        0x8 src/ASF/xmega/drivers/twi/twim.o
 .group         0x00000000        0x8 src/ASF/xmega/drivers/twi/twim.o
 .group         0x00000000        0x8 src/ASF/xmega/drivers/twi/twim.o
 .group         0x00000000        0x8 src/ASF/xmega/drivers/twi/twim.o
 .group         0x00000000        0x8 src/ASF/xmega/drivers/twi/twim.o
 .group         0x00000000        0x8 src/ASF/xmega/drivers/twi/twim.o
 .group         0x00000000        0x8 src/ASF/xmega/drivers/twi/twim.o
 .group         0x00000000        0x8 src/ASF/xmega/drivers/twi/twim.o
 .group         0x00000000        0x8 src/ASF/xmega/drivers/twi/twim.o
 .group         0x00000000        0x8 src/ASF/xmega/drivers/twi/twim.o
 .text          0x00000000        0x0 src/ASF/xmega/drivers/twi/twim.o
 .data          0x00000000        0x0 src/ASF/xmega/drivers/twi/twim.o
 .bss           0x00000000        0x0 src/ASF/xmega/drivers/twi/twim.o
 .debug_macro   0x00000000      0xa96 src/ASF/xmega/drivers/twi/twim.o
 .debug_macro   0x00000000       0x10 src/ASF/xmega/drivers/twi/twim.o
 .debug_macro   0x00000000      0x1c9 src/ASF/xmega/drivers/twi/twim.o
 .debug_macro   0x00000000      0x2fc src/ASF/xmega/drivers/twi/twim.o
 .debug_macro   0x00000000       0x9e src/ASF/xmega/drivers/twi/twim.o
 .debug_macro   0x00000000     0x6ddf src/ASF/xmega/drivers/twi/twim.o
 .debug_macro   0x00000000       0x9a src/ASF/xmega/drivers/twi/twim.o
 .debug_macro   0x00000000       0xf1 src/ASF/xmega/drivers/twi/twim.o
 .debug_macro   0x00000000       0x34 src/ASF/xmega/drivers/twi/twim.o
 .debug_macro   0x00000000       0x10 src/ASF/xmega/drivers/twi/twim.o
 .debug_macro   0x00000000       0x18 src/ASF/xmega/drivers/twi/twim.o
 .debug_macro   0x00000000       0x5e src/ASF/xmega/drivers/twi/twim.o
 .debug_macro   0x00000000       0x10 src/ASF/xmega/drivers/twi/twim.o
 .debug_macro   0x00000000       0x22 src/ASF/xmega/drivers/twi/twim.o
 .debug_macro   0x00000000      0x166 src/ASF/xmega/drivers/twi/twim.o
 .debug_macro   0x00000000       0x1c src/ASF/xmega/drivers/twi/twim.o
 .debug_macro   0x00000000       0x35 src/ASF/xmega/drivers/twi/twim.o
 .debug_macro   0x00000000       0x66 src/ASF/xmega/drivers/twi/twim.o
 .debug_macro   0x00000000      0x652 src/ASF/xmega/drivers/twi/twim.o
 .debug_macro   0x00000000       0x97 src/ASF/xmega/drivers/twi/twim.o
 .debug_macro   0x00000000       0x17 src/ASF/xmega/drivers/twi/twim.o
 .debug_macro   0x00000000      0x250 src/ASF/xmega/drivers/twi/twim.o
 .debug_macro   0x00000000       0x76 src/ASF/xmega/drivers/twi/twim.o
 .debug_macro   0x00000000       0x16 src/ASF/xmega/drivers/twi/twim.o
 .debug_macro   0x00000000      0x6e3 src/ASF/xmega/drivers/twi/twim.o
 .debug_macro   0x00000000       0x10 src/ASF/xmega/drivers/twi/twim.o
 .debug_macro   0x00000000      0x175 src/ASF/xmega/drivers/twi/twim.o
 .debug_macro   0x00000000       0x40 src/ASF/xmega/drivers/twi/twim.o
 .debug_macro   0x00000000       0x69 src/ASF/xmega/drivers/twi/twim.o
 .debug_macro   0x00000000       0x32 src/ASF/xmega/drivers/twi/twim.o
 .debug_macro   0x00000000       0xe4 src/ASF/xmega/drivers/twi/twim.o
 .group         0x00000000        0x8 src/ASF/xmega/drivers/twi/twis.o
 .group         0x00000000        0x8 src/ASF/xmega/drivers/twi/twis.o
 .group         0x00000000        0x8 src/ASF/xmega/drivers/twi/twis.o
 .group         0x00000000        0x8 src/ASF/xmega/drivers/twi/twis.o
 .group         0x00000000        0x8 src/ASF/xmega/drivers/twi/twis.o
 .group         0x00000000        0x8 src/ASF/xmega/drivers/twi/twis.o
 .group         0x00000000        0x8 src/ASF/xmega/drivers/twi/twis.o
 .group         0x00000000        0x8 src/ASF/xmega/drivers/twi/twis.o
 .group         0x00000000        0x8 src/ASF/xmega/drivers/twi/twis.o
 .group         0x00000000        0x8 src/ASF/xmega/drivers/twi/twis.o
 .group         0x00000000        0x8 src/ASF/xmega/drivers/twi/twis.o
 .group         0x00000000        0x8 src/ASF/xmega/drivers/twi/twis.o
 .group         0x00000000        0x8 src/ASF/xmega/drivers/twi/twis.o
 .group         0x00000000        0x8 src/ASF/xmega/drivers/twi/twis.o
 .group         0x00000000        0x8 src/ASF/xmega/drivers/twi/twis.o
 .group         0x00000000        0x8 src/ASF/xmega/drivers/twi/twis.o
 .group         0x00000000        0x8 src/ASF/xmega/drivers/twi/twis.o
 .group         0x00000000        0x8 src/ASF/xmega/drivers/twi/twis.o
 .group         0x00000000        0x8 src/ASF/xmega/drivers/twi/twis.o
 .group         0x00000000        0x8 src/ASF/xmega/drivers/twi/twis.o
 .group         0x00000000        0x8 src/ASF/xmega/drivers/twi/twis.o
 .group         0x00000000        0x8 src/ASF/xmega/drivers/twi/twis.o
 .group         0x00000000        0x8 src/ASF/xmega/drivers/twi/twis.o
 .group         0x00000000        0x8 src/ASF/xmega/drivers/twi/twis.o
 .group         0x00000000        0x8 src/ASF/xmega/drivers/twi/twis.o
 .group         0x00000000        0x8 src/ASF/xmega/drivers/twi/twis.o
 .group         0x00000000        0x8 src/ASF/xmega/drivers/twi/twis.o
 .group         0x00000000        0x8 src/ASF/xmega/drivers/twi/twis.o
 .group         0x00000000        0x8 src/ASF/xmega/drivers/twi/twis.o
 .group         0x00000000        0x8 src/ASF/xmega/drivers/twi/twis.o
 .group         0x00000000        0x8 src/ASF/xmega/drivers/twi/twis.o
 .group         0x00000000        0x8 src/ASF/xmega/drivers/twi/twis.o
 .group         0x00000000        0x8 src/ASF/xmega/drivers/twi/twis.o
 .text          0x00000000        0x0 src/ASF/xmega/drivers/twi/twis.o
 .data          0x00000000        0x0 src/ASF/xmega/drivers/twi/twis.o
 .bss           0x00000000        0x0 src/ASF/xmega/drivers/twi/twis.o
 .text.TWI_SlaveInitializeDriver
                0x00000000       0x16 src/ASF/xmega/drivers/twi/twis.o
 .text.TWI_SlaveInitializeModule
                0x00000000       0x16 src/ASF/xmega/drivers/twi/twis.o
 .text.TWI_SlaveAddressMatchHandler
                0x00000000       0x42 src/ASF/xmega/drivers/twi/twis.o
 .text.TWI_SlaveStopHandler
                0x00000000       0x2a src/ASF/xmega/drivers/twi/twis.o
 .text.TWI_SlaveReadHandler
                0x00000000       0x74 src/ASF/xmega/drivers/twi/twis.o
 .text.TWI_SlaveWriteHandler
                0x00000000       0x60 src/ASF/xmega/drivers/twi/twis.o
 .text.TWI_SlaveDataHandler
                0x00000000       0x18 src/ASF/xmega/drivers/twi/twis.o
 .text.TWI_SlaveInterruptHandler
                0x00000000       0x5e src/ASF/xmega/drivers/twi/twis.o
 .text.TWI_SlaveTransactionFinished
                0x00000000        0x8 src/ASF/xmega/drivers/twi/twis.o
 .debug_info    0x00000000      0x716 src/ASF/xmega/drivers/twi/twis.o
 .debug_abbrev  0x00000000      0x267 src/ASF/xmega/drivers/twi/twis.o
 .debug_loc     0x00000000      0x3a9 src/ASF/xmega/drivers/twi/twis.o
 .debug_aranges
                0x00000000       0x60 src/ASF/xmega/drivers/twi/twis.o
 .debug_ranges  0x00000000       0x50 src/ASF/xmega/drivers/twi/twis.o
 .debug_macro   0x00000000      0x185 src/ASF/xmega/drivers/twi/twis.o
 .debug_macro   0x00000000      0xa96 src/ASF/xmega/drivers/twi/twis.o
 .debug_macro   0x00000000       0x10 src/ASF/xmega/drivers/twi/twis.o
 .debug_macro   0x00000000      0x1c9 src/ASF/xmega/drivers/twi/twis.o
 .debug_macro   0x00000000      0x2fc src/ASF/xmega/drivers/twi/twis.o
 .debug_macro   0x00000000       0x9e src/ASF/xmega/drivers/twi/twis.o
 .debug_macro   0x00000000     0x6ddf src/ASF/xmega/drivers/twi/twis.o
 .debug_macro   0x00000000       0x9a src/ASF/xmega/drivers/twi/twis.o
 .debug_macro   0x00000000       0xf1 src/ASF/xmega/drivers/twi/twis.o
 .debug_macro   0x00000000       0x34 src/ASF/xmega/drivers/twi/twis.o
 .debug_macro   0x00000000       0x10 src/ASF/xmega/drivers/twi/twis.o
 .debug_macro   0x00000000       0x18 src/ASF/xmega/drivers/twi/twis.o
 .debug_macro   0x00000000       0x5e src/ASF/xmega/drivers/twi/twis.o
 .debug_macro   0x00000000       0x10 src/ASF/xmega/drivers/twi/twis.o
 .debug_macro   0x00000000       0x22 src/ASF/xmega/drivers/twi/twis.o
 .debug_macro   0x00000000      0x166 src/ASF/xmega/drivers/twi/twis.o
 .debug_macro   0x00000000       0x1c src/ASF/xmega/drivers/twi/twis.o
 .debug_macro   0x00000000       0x35 src/ASF/xmega/drivers/twi/twis.o
 .debug_macro   0x00000000       0x66 src/ASF/xmega/drivers/twi/twis.o
 .debug_macro   0x00000000      0x652 src/ASF/xmega/drivers/twi/twis.o
 .debug_macro   0x00000000       0x97 src/ASF/xmega/drivers/twi/twis.o
 .debug_macro   0x00000000       0x17 src/ASF/xmega/drivers/twi/twis.o
 .debug_macro   0x00000000      0x250 src/ASF/xmega/drivers/twi/twis.o
 .debug_macro   0x00000000       0x76 src/ASF/xmega/drivers/twi/twis.o
 .debug_macro   0x00000000       0x16 src/ASF/xmega/drivers/twi/twis.o
 .debug_macro   0x00000000      0x6e3 src/ASF/xmega/drivers/twi/twis.o
 .debug_macro   0x00000000       0x10 src/ASF/xmega/drivers/twi/twis.o
 .debug_macro   0x00000000      0x175 src/ASF/xmega/drivers/twi/twis.o
 .debug_macro   0x00000000       0x40 src/ASF/xmega/drivers/twi/twis.o
 .debug_macro   0x00000000       0x69 src/ASF/xmega/drivers/twi/twis.o
 .debug_macro   0x00000000       0x32 src/ASF/xmega/drivers/twi/twis.o
 .debug_macro   0x00000000       0xe4 src/ASF/xmega/drivers/twi/twis.o
 .debug_macro   0x00000000       0x22 src/ASF/xmega/drivers/twi/twis.o
 .debug_macro   0x00000000       0x22 src/ASF/xmega/drivers/twi/twis.o
 .debug_line    0x00000000      0x652 src/ASF/xmega/drivers/twi/twis.o
 .debug_str     0x00000000    0x2b406 src/ASF/xmega/drivers/twi/twis.o
 .comment       0x00000000       0x31 src/ASF/xmega/drivers/twi/twis.o
 .debug_frame   0x00000000       0xb0 src/ASF/xmega/drivers/twi/twis.o
 .group         0x00000000        0x8 src/main.o
 .group         0x00000000        0x8 src/main.o
 .group         0x00000000        0x8 src/main.o
 .group         0x00000000        0x8 src/main.o
 .group         0x00000000        0x8 src/main.o
 .group         0x00000000        0x8 src/main.o
 .group         0x00000000        0x8 src/main.o
 .group         0x00000000        0x8 src/main.o
 .group         0x00000000        0x8 src/main.o
 .group         0x00000000        0x8 src/main.o
 .group         0x00000000        0x8 src/main.o
 .group         0x00000000        0x8 src/main.o
 .group         0x00000000        0x8 src/main.o
 .group         0x00000000        0x8 src/main.o
 .group         0x00000000        0x8 src/main.o
 .group         0x00000000        0x8 src/main.o
 .group         0x00000000        0x8 src/main.o
 .group         0x00000000        0x8 src/main.o
 .group         0x00000000        0x8 src/main.o
 .group         0x00000000        0x8 src/main.o
 .group         0x00000000        0x8 src/main.o
 .group         0x00000000        0x8 src/main.o
 .group         0x00000000        0x8 src/main.o
 .group         0x00000000        0x8 src/main.o
 .group         0x00000000        0x8 src/main.o
 .group         0x00000000        0x8 src/main.o
 .group         0x00000000        0x8 src/main.o
 .group         0x00000000        0x8 src/main.o
 .group         0x00000000        0x8 src/main.o
 .group         0x00000000        0x8 src/main.o
 .group         0x00000000        0x8 src/main.o
 .group         0x00000000        0x8 src/main.o
 .group         0x00000000        0x8 src/main.o
 .group         0x00000000        0x8 src/main.o
 .group         0x00000000        0x8 src/main.o
 .group         0x00000000        0x8 src/main.o
 .group         0x00000000        0x8 src/main.o
 .group         0x00000000        0x8 src/main.o
 .group         0x00000000        0x8 src/main.o
 .group         0x00000000        0x8 src/main.o
 .group         0x00000000        0x8 src/main.o
 .group         0x00000000        0x8 src/main.o
 .group         0x00000000        0x8 src/main.o
 .group         0x00000000        0x8 src/main.o
 .group         0x00000000        0x8 src/main.o
 .group         0x00000000        0x8 src/main.o
 .group         0x00000000        0x8 src/main.o
 .group         0x00000000        0x8 src/main.o
 .text          0x00000000        0x0 src/main.o
 .data          0x00000000        0x0 src/main.o
 .bss           0x00000000        0x0 src/main.o
 .debug_macro   0x00000000      0xa96 src/main.o
 .debug_macro   0x00000000       0x10 src/main.o
 .debug_macro   0x00000000      0x1c9 src/main.o
 .debug_macro   0x00000000      0x2fc src/main.o
 .debug_macro   0x00000000       0x9e src/main.o
 .debug_macro   0x00000000     0x6ddf src/main.o
 .debug_macro   0x00000000       0x9a src/main.o
 .debug_macro   0x00000000       0xf1 src/main.o
 .debug_macro   0x00000000       0x34 src/main.o
 .debug_macro   0x00000000       0x10 src/main.o
 .debug_macro   0x00000000       0x18 src/main.o
 .debug_macro   0x00000000       0x5e src/main.o
 .debug_macro   0x00000000       0x10 src/main.o
 .debug_macro   0x00000000       0x22 src/main.o
 .debug_macro   0x00000000      0x166 src/main.o
 .debug_macro   0x00000000       0x1c src/main.o
 .debug_macro   0x00000000       0x35 src/main.o
 .debug_macro   0x00000000       0x66 src/main.o
 .debug_macro   0x00000000      0x652 src/main.o
 .debug_macro   0x00000000       0x97 src/main.o
 .debug_macro   0x00000000       0x17 src/main.o
 .debug_macro   0x00000000      0x250 src/main.o
 .debug_macro   0x00000000       0x76 src/main.o
 .debug_macro   0x00000000       0x16 src/main.o
 .debug_macro   0x00000000      0x6e3 src/main.o
 .debug_macro   0x00000000       0x10 src/main.o
 .debug_macro   0x00000000      0x175 src/main.o
 .debug_macro   0x00000000       0x40 src/main.o
 .debug_macro   0x00000000       0x69 src/main.o
 .debug_macro   0x00000000       0x32 src/main.o
 .debug_macro   0x00000000       0xe4 src/main.o
 .debug_macro   0x00000000       0x26 src/main.o
 .debug_macro   0x00000000       0x1c src/main.o
 .debug_macro   0x00000000      0x2bf src/main.o
 .debug_macro   0x00000000      0x530 src/main.o
 .debug_macro   0x00000000       0x9a src/main.o
 .debug_macro   0x00000000      0x109 src/main.o
 .debug_macro   0x00000000       0x22 src/main.o
 .debug_macro   0x00000000       0x7d src/main.o
 .debug_macro   0x00000000       0x2f src/main.o
 .debug_macro   0x00000000      0x154 src/main.o
 .debug_macro   0x00000000       0x16 src/main.o
 .debug_macro   0x00000000       0x22 src/main.o
 .debug_macro   0x00000000       0x10 src/main.o
 .debug_macro   0x00000000       0x16 src/main.o
 .text          0x00000000        0x0 c:/program files (x86)/atmel/studio/7.0/toolchain/avr8/avr8-gnu-toolchain/bin/../lib/gcc/avr/4.9.2/avrxmega7\libgcc.a(_udivmodsi4.o)
 .data          0x00000000        0x0 c:/program files (x86)/atmel/studio/7.0/toolchain/avr8/avr8-gnu-toolchain/bin/../lib/gcc/avr/4.9.2/avrxmega7\libgcc.a(_udivmodsi4.o)
 .bss           0x00000000        0x0 c:/program files (x86)/atmel/studio/7.0/toolchain/avr8/avr8-gnu-toolchain/bin/../lib/gcc/avr/4.9.2/avrxmega7\libgcc.a(_udivmodsi4.o)
 .text.libgcc.mul
                0x00000000        0x0 c:/program files (x86)/atmel/studio/7.0/toolchain/avr8/avr8-gnu-toolchain/bin/../lib/gcc/avr/4.9.2/avrxmega7\libgcc.a(_udivmodsi4.o)
 .text.libgcc   0x00000000        0x0 c:/program files (x86)/atmel/studio/7.0/toolchain/avr8/avr8-gnu-toolchain/bin/../lib/gcc/avr/4.9.2/avrxmega7\libgcc.a(_udivmodsi4.o)
 .text.libgcc.prologue
                0x00000000        0x0 c:/program files (x86)/atmel/studio/7.0/toolchain/avr8/avr8-gnu-toolchain/bin/../lib/gcc/avr/4.9.2/avrxmega7\libgcc.a(_udivmodsi4.o)
 .text.libgcc.builtins
                0x00000000        0x0 c:/program files (x86)/atmel/studio/7.0/toolchain/avr8/avr8-gnu-toolchain/bin/../lib/gcc/avr/4.9.2/avrxmega7\libgcc.a(_udivmodsi4.o)
 .text.libgcc.fmul
                0x00000000        0x0 c:/program files (x86)/atmel/studio/7.0/toolchain/avr8/avr8-gnu-toolchain/bin/../lib/gcc/avr/4.9.2/avrxmega7\libgcc.a(_udivmodsi4.o)
 .text.libgcc.fixed
                0x00000000        0x0 c:/program files (x86)/atmel/studio/7.0/toolchain/avr8/avr8-gnu-toolchain/bin/../lib/gcc/avr/4.9.2/avrxmega7\libgcc.a(_udivmodsi4.o)
 .text          0x00000000        0x0 c:/program files (x86)/atmel/studio/7.0/toolchain/avr8/avr8-gnu-toolchain/bin/../lib/gcc/avr/4.9.2/avrxmega7\libgcc.a(_exit.o)
 .data          0x00000000        0x0 c:/program files (x86)/atmel/studio/7.0/toolchain/avr8/avr8-gnu-toolchain/bin/../lib/gcc/avr/4.9.2/avrxmega7\libgcc.a(_exit.o)
 .bss           0x00000000        0x0 c:/program files (x86)/atmel/studio/7.0/toolchain/avr8/avr8-gnu-toolchain/bin/../lib/gcc/avr/4.9.2/avrxmega7\libgcc.a(_exit.o)
 .text.libgcc.mul
                0x00000000        0x0 c:/program files (x86)/atmel/studio/7.0/toolchain/avr8/avr8-gnu-toolchain/bin/../lib/gcc/avr/4.9.2/avrxmega7\libgcc.a(_exit.o)
 .text.libgcc.div
                0x00000000        0x0 c:/program files (x86)/atmel/studio/7.0/toolchain/avr8/avr8-gnu-toolchain/bin/../lib/gcc/avr/4.9.2/avrxmega7\libgcc.a(_exit.o)
 .text.libgcc   0x00000000        0x0 c:/program files (x86)/atmel/studio/7.0/toolchain/avr8/avr8-gnu-toolchain/bin/../lib/gcc/avr/4.9.2/avrxmega7\libgcc.a(_exit.o)
 .text.libgcc.prologue
                0x00000000        0x0 c:/program files (x86)/atmel/studio/7.0/toolchain/avr8/avr8-gnu-toolchain/bin/../lib/gcc/avr/4.9.2/avrxmega7\libgcc.a(_exit.o)
 .text.libgcc.builtins
                0x00000000        0x0 c:/program files (x86)/atmel/studio/7.0/toolchain/avr8/avr8-gnu-toolchain/bin/../lib/gcc/avr/4.9.2/avrxmega7\libgcc.a(_exit.o)
 .text.libgcc.fmul
                0x00000000        0x0 c:/program files (x86)/atmel/studio/7.0/toolchain/avr8/avr8-gnu-toolchain/bin/../lib/gcc/avr/4.9.2/avrxmega7\libgcc.a(_exit.o)
 .text.libgcc.fixed
                0x00000000        0x0 c:/program files (x86)/atmel/studio/7.0/toolchain/avr8/avr8-gnu-toolchain/bin/../lib/gcc/avr/4.9.2/avrxmega7\libgcc.a(_exit.o)
 .text          0x00000000        0x0 c:/program files (x86)/atmel/studio/7.0/toolchain/avr8/avr8-gnu-toolchain/bin/../lib/gcc/avr/4.9.2/avrxmega7\libgcc.a(_copy_data.o)
 .data          0x00000000        0x0 c:/program files (x86)/atmel/studio/7.0/toolchain/avr8/avr8-gnu-toolchain/bin/../lib/gcc/avr/4.9.2/avrxmega7\libgcc.a(_copy_data.o)
 .bss           0x00000000        0x0 c:/program files (x86)/atmel/studio/7.0/toolchain/avr8/avr8-gnu-toolchain/bin/../lib/gcc/avr/4.9.2/avrxmega7\libgcc.a(_copy_data.o)
 .text.libgcc.mul
                0x00000000        0x0 c:/program files (x86)/atmel/studio/7.0/toolchain/avr8/avr8-gnu-toolchain/bin/../lib/gcc/avr/4.9.2/avrxmega7\libgcc.a(_copy_data.o)
 .text.libgcc.div
                0x00000000        0x0 c:/program files (x86)/atmel/studio/7.0/toolchain/avr8/avr8-gnu-toolchain/bin/../lib/gcc/avr/4.9.2/avrxmega7\libgcc.a(_copy_data.o)
 .text.libgcc   0x00000000        0x0 c:/program files (x86)/atmel/studio/7.0/toolchain/avr8/avr8-gnu-toolchain/bin/../lib/gcc/avr/4.9.2/avrxmega7\libgcc.a(_copy_data.o)
 .text.libgcc.prologue
                0x00000000        0x0 c:/program files (x86)/atmel/studio/7.0/toolchain/avr8/avr8-gnu-toolchain/bin/../lib/gcc/avr/4.9.2/avrxmega7\libgcc.a(_copy_data.o)
 .text.libgcc.builtins
                0x00000000        0x0 c:/program files (x86)/atmel/studio/7.0/toolchain/avr8/avr8-gnu-toolchain/bin/../lib/gcc/avr/4.9.2/avrxmega7\libgcc.a(_copy_data.o)
 .text.libgcc.fmul
                0x00000000        0x0 c:/program files (x86)/atmel/studio/7.0/toolchain/avr8/avr8-gnu-toolchain/bin/../lib/gcc/avr/4.9.2/avrxmega7\libgcc.a(_copy_data.o)
 .text.libgcc.fixed
                0x00000000        0x0 c:/program files (x86)/atmel/studio/7.0/toolchain/avr8/avr8-gnu-toolchain/bin/../lib/gcc/avr/4.9.2/avrxmega7\libgcc.a(_copy_data.o)
 .text          0x00000000        0x0 c:/program files (x86)/atmel/studio/7.0/toolchain/avr8/avr8-gnu-toolchain/bin/../lib/gcc/avr/4.9.2/avrxmega7\libgcc.a(_clear_bss.o)
 .data          0x00000000        0x0 c:/program files (x86)/atmel/studio/7.0/toolchain/avr8/avr8-gnu-toolchain/bin/../lib/gcc/avr/4.9.2/avrxmega7\libgcc.a(_clear_bss.o)
 .bss           0x00000000        0x0 c:/program files (x86)/atmel/studio/7.0/toolchain/avr8/avr8-gnu-toolchain/bin/../lib/gcc/avr/4.9.2/avrxmega7\libgcc.a(_clear_bss.o)
 .text.libgcc.mul
                0x00000000        0x0 c:/program files (x86)/atmel/studio/7.0/toolchain/avr8/avr8-gnu-toolchain/bin/../lib/gcc/avr/4.9.2/avrxmega7\libgcc.a(_clear_bss.o)
 .text.libgcc.div
                0x00000000        0x0 c:/program files (x86)/atmel/studio/7.0/toolchain/avr8/avr8-gnu-toolchain/bin/../lib/gcc/avr/4.9.2/avrxmega7\libgcc.a(_clear_bss.o)
 .text.libgcc   0x00000000        0x0 c:/program files (x86)/atmel/studio/7.0/toolchain/avr8/avr8-gnu-toolchain/bin/../lib/gcc/avr/4.9.2/avrxmega7\libgcc.a(_clear_bss.o)
 .text.libgcc.prologue
                0x00000000        0x0 c:/program files (x86)/atmel/studio/7.0/toolchain/avr8/avr8-gnu-toolchain/bin/../lib/gcc/avr/4.9.2/avrxmega7\libgcc.a(_clear_bss.o)
 .text.libgcc.builtins
                0x00000000        0x0 c:/program files (x86)/atmel/studio/7.0/toolchain/avr8/avr8-gnu-toolchain/bin/../lib/gcc/avr/4.9.2/avrxmega7\libgcc.a(_clear_bss.o)
 .text.libgcc.fmul
                0x00000000        0x0 c:/program files (x86)/atmel/studio/7.0/toolchain/avr8/avr8-gnu-toolchain/bin/../lib/gcc/avr/4.9.2/avrxmega7\libgcc.a(_clear_bss.o)
 .text.libgcc.fixed
                0x00000000        0x0 c:/program files (x86)/atmel/studio/7.0/toolchain/avr8/avr8-gnu-toolchain/bin/../lib/gcc/avr/4.9.2/avrxmega7\libgcc.a(_clear_bss.o)
 .text          0x00000000        0x0 c:/program files (x86)/atmel/studio/7.0/toolchain/avr8/avr8-gnu-toolchain/bin/../lib/gcc/avr/4.9.2/../../../../avr/lib/avrxmega7\libc.a(memcpy.o)
 .data          0x00000000        0x0 c:/program files (x86)/atmel/studio/7.0/toolchain/avr8/avr8-gnu-toolchain/bin/../lib/gcc/avr/4.9.2/../../../../avr/lib/avrxmega7\libc.a(memcpy.o)
 .bss           0x00000000        0x0 c:/program files (x86)/atmel/studio/7.0/toolchain/avr8/avr8-gnu-toolchain/bin/../lib/gcc/avr/4.9.2/../../../../avr/lib/avrxmega7\libc.a(memcpy.o)
 .text.avr-libc
                0x00000000       0x12 c:/program files (x86)/atmel/studio/7.0/toolchain/avr8/avr8-gnu-toolchain/bin/../lib/gcc/avr/4.9.2/../../../../avr/lib/avrxmega7\libc.a(memcpy.o)

Memory Configuration

Name             Origin             Length             Attributes
text             0x00000000         0x00100000         xr
data             0x00802000         0x0000ffa0         rw !x
eeprom           0x00810000         0x00010000         rw !x
fuse             0x00820000         0x00000006         rw !x
lock             0x00830000         0x00000400         rw !x
signature        0x00840000         0x00000400         rw !x
user_signatures  0x00850000         0x00000400         rw !x
*default*        0x00000000         0xffffffff

Linker script and memory map

LOAD C:/Program Files (x86)/Atmel/Studio/7.0/Packs/atmel/XMEGAA_DFP/1.1.63/gcc/dev/atxmega128a1u/avrxmega7/crtatxmega128a1u.o
LOAD src/ASF/common/services/clock/xmega/sysclk.o
LOAD src/ASF/xmega/drivers/crc/crc.o
LOAD src/ASF/xmega/drivers/nvm/nvm.o
LOAD src/ASF/xmega/drivers/nvm/nvm_asm.o
LOAD src/ASF/xmega/drivers/cpu/ccp.o
LOAD src/ASF/common/services/ioport/xmega/ioport_compat.o
LOAD src/ASF/xmega/boards/xmega_a1u_xplained_pro/board_init.o
LOAD src/ASF/xmega/drivers/twi/twim.o
LOAD src/ASF/xmega/drivers/twi/twis.o
LOAD src/main.o
START GROUP
LOAD c:/program files (x86)/atmel/studio/7.0/toolchain/avr8/avr8-gnu-toolchain/bin/../lib/gcc/avr/4.9.2/../../../../avr/lib/avrxmega7\libm.a
END GROUP
Address of section .BOOT set to 0x20000
START GROUP
LOAD c:/program files (x86)/atmel/studio/7.0/toolchain/avr8/avr8-gnu-toolchain/bin/../lib/gcc/avr/4.9.2/avrxmega7\libgcc.a
LOAD c:/program files (x86)/atmel/studio/7.0/toolchain/avr8/avr8-gnu-toolchain/bin/../lib/gcc/avr/4.9.2/../../../../avr/lib/avrxmega7\libm.a
LOAD c:/program files (x86)/atmel/studio/7.0/toolchain/avr8/avr8-gnu-toolchain/bin/../lib/gcc/avr/4.9.2/../../../../avr/lib/avrxmega7\libc.a
LOAD C:/Program Files (x86)/Atmel/Studio/7.0/Packs/atmel/XMEGAA_DFP/1.1.63/gcc/dev/atxmega128a1u/avrxmega7\libatxmega128a1u.a
END GROUP
                0x00100000                __TEXT_REGION_LENGTH__ = DEFINED (__TEXT_REGION_LENGTH__)?__TEXT_REGION_LENGTH__:0x100000
                0x0000ffa0                __DATA_REGION_LENGTH__ = DEFINED (__DATA_REGION_LENGTH__)?__DATA_REGION_LENGTH__:0xffa0
                0x00010000                __EEPROM_REGION_LENGTH__ = DEFINED (__EEPROM_REGION_LENGTH__)?__EEPROM_REGION_LENGTH__:0x10000
                [0x00000006]                __FUSE_REGION_LENGTH__ = DEFINED (__FUSE_REGION_LENGTH__)?__FUSE_REGION_LENGTH__:0x400
                0x00000400                __LOCK_REGION_LENGTH__ = DEFINED (__LOCK_REGION_LENGTH__)?__LOCK_REGION_LENGTH__:0x400
                0x00000400                __SIGNATURE_REGION_LENGTH__ = DEFINED (__SIGNATURE_REGION_LENGTH__)?__SIGNATURE_REGION_LENGTH__:0x400
                0x00000400                __USER_SIGNATURE_REGION_LENGTH__ = DEFINED (__USER_SIGNATURE_REGION_LENGTH__)?__USER_SIGNATURE_REGION_LENGTH__:0x400

.hash
 *(.hash)

.dynsym
 *(.dynsym)

.dynstr
 *(.dynstr)

.gnu.version
 *(.gnu.version)

.gnu.version_d
 *(.gnu.version_d)

.gnu.version_r
 *(.gnu.version_r)

.rel.init
 *(.rel.init)

.rela.init
 *(.rela.init)

.rel.text
 *(.rel.text)
 *(.rel.text.*)
 *(.rel.gnu.linkonce.t*)

.rela.text
 *(.rela.text)
 *(.rela.text.*)
 *(.rela.gnu.linkonce.t*)

.rel.fini
 *(.rel.fini)

.rela.fini
 *(.rela.fini)

.rel.rodata
 *(.rel.rodata)
 *(.rel.rodata.*)
 *(.rel.gnu.linkonce.r*)

.rela.rodata
 *(.rela.rodata)
 *(.rela.rodata.*)
 *(.rela.gnu.linkonce.r*)

.rel.data
 *(.rel.data)
 *(.rel.data.*)
 *(.rel.gnu.linkonce.d*)

.rela.data
 *(.rela.data)
 *(.rela.data.*)
 *(.rela.gnu.linkonce.d*)

.rel.ctors
 *(.rel.ctors)

.rela.ctors
 *(.rela.ctors)

.rel.dtors
 *(.rel.dtors)

.rela.dtors
 *(.rela.dtors)

.rel.got
 *(.rel.got)

.rela.got
 *(.rela.got)

.rel.bss
 *(.rel.bss)

.rela.bss
 *(.rela.bss)

.rel.plt
 *(.rel.plt)

.rela.plt
 *(.rela.plt)

.text           0x00000000      0xf26
 *(.vectors)
 .vectors       0x00000000      0x1fc C:/Program Files (x86)/Atmel/Studio/7.0/Packs/atmel/XMEGAA_DFP/1.1.63/gcc/dev/atxmega128a1u/avrxmega7/crtatxmega128a1u.o
                0x00000000                __vector_default
                0x00000000                __vectors
 *(.vectors)
 *(.progmem.gcc*)
                0x000001fc                . = ALIGN (0x2)
                0x000001fc                __trampolines_start = .
 *(.trampolines)
 .trampolines   0x000001fc        0x0 linker stubs
 *(.trampolines*)
                0x000001fc                __trampolines_end = .
 *libprintf_flt.a:*(.progmem.data)
 *libc.a:*(.progmem.data)
 *(.progmem*)
                0x000001fc                . = ALIGN (0x2)
 *(.jumptables)
 *(.jumptables*)
 *(.lowtext)
 *(.lowtext*)
                0x000001fc                __ctors_start = .
 *(.ctors)
                0x000001fc                __ctors_end = .
                0x000001fc                __dtors_start = .
 *(.dtors)
                0x000001fc                __dtors_end = .
 SORT(*)(.ctors)
 SORT(*)(.dtors)
 *(.init0)
 .init0         0x000001fc        0x0 C:/Program Files (x86)/Atmel/Studio/7.0/Packs/atmel/XMEGAA_DFP/1.1.63/gcc/dev/atxmega128a1u/avrxmega7/crtatxmega128a1u.o
                0x000001fc                __init
 *(.init0)
 *(.init1)
 *(.init1)
 *(.init2)
 .init2         0x000001fc       0x18 C:/Program Files (x86)/Atmel/Studio/7.0/Packs/atmel/XMEGAA_DFP/1.1.63/gcc/dev/atxmega128a1u/avrxmega7/crtatxmega128a1u.o
 *(.init2)
 *(.init3)
 *(.init3)
 *(.init4)
 .init4         0x00000214       0x1c c:/program files (x86)/atmel/studio/7.0/toolchain/avr8/avr8-gnu-toolchain/bin/../lib/gcc/avr/4.9.2/avrxmega7\libgcc.a(_copy_data.o)
                0x00000214                __do_copy_data
 .init4         0x00000230       0x10 c:/program files (x86)/atmel/studio/7.0/toolchain/avr8/avr8-gnu-toolchain/bin/../lib/gcc/avr/4.9.2/avrxmega7\libgcc.a(_clear_bss.o)
                0x00000230                __do_clear_bss
 *(.init4)
 *(.init5)
 *(.init5)
 *(.init6)
 *(.init6)
 *(.init7)
 *(.init7)
 *(.init8)
 *(.init8)
 *(.init9)
 .init9         0x00000240        0x4 C:/Program Files (x86)/Atmel/Studio/7.0/Packs/atmel/XMEGAA_DFP/1.1.63/gcc/dev/atxmega128a1u/avrxmega7/crtatxmega128a1u.o
 *(.init9)
 *(.text)
 .text          0x00000244        0x2 C:/Program Files (x86)/Atmel/Studio/7.0/Packs/atmel/XMEGAA_DFP/1.1.63/gcc/dev/atxmega128a1u/avrxmega7/crtatxmega128a1u.o
                0x00000244                __vector_38
                0x00000244                __vector_104
                0x00000244                __vector_22
                0x00000244                __vector_63
                0x00000244                __vector_28
                0x00000244                __vector_67
                0x00000244                __vector_1
                0x00000244                __vector_119
                0x00000244                __vector_32
                0x00000244                __vector_75
                0x00000244                __vector_71
                0x00000244                __vector_91
                0x00000244                __vector_34
                0x00000244                __vector_62
                0x00000244                __vector_77
                0x00000244                __vector_102
                0x00000244                __vector_12
                0x00000244                __vector_55
                0x00000244                __vector_69
                0x00000244                __vector_81
                0x00000244                __vector_90
                0x00000244                __bad_interrupt
                0x00000244                __vector_122
                0x00000244                __vector_72
                0x00000244                __vector_114
                0x00000244                __vector_6
                0x00000244                __vector_110
                0x00000244                __vector_31
                0x00000244                __vector_92
                0x00000244                __vector_35
                0x00000244                __vector_78
                0x00000244                __vector_74
                0x00000244                __vector_117
                0x00000244                __vector_39
                0x00000244                __vector_3
                0x00000244                __vector_105
                0x00000244                __vector_98
                0x00000244                __vector_23
                0x00000244                __vector_68
                0x00000244                __vector_30
                0x00000244                __vector_73
                0x00000244                __vector_45
                0x00000244                __vector_25
                0x00000244                __vector_93
                0x00000244                __vector_61
                0x00000244                __vector_11
                0x00000244                __vector_54
                0x00000244                __vector_99
                0x00000244                __vector_17
                0x00000244                __vector_19
                0x00000244                __vector_56
                0x00000244                __vector_7
                0x00000244                __vector_125
                0x00000244                __vector_49
                0x00000244                __vector_123
                0x00000244                __vector_41
                0x00000244                __vector_86
                0x00000244                __vector_100
                0x00000244                __vector_101
                0x00000244                __vector_64
                0x00000244                __vector_88
                0x00000244                __vector_109
                0x00000244                __vector_43
                0x00000244                __vector_27
                0x00000244                __vector_5
                0x00000244                __vector_113
                0x00000244                __vector_33
                0x00000244                __vector_115
                0x00000244                __vector_47
                0x00000244                __vector_52
                0x00000244                __vector_37
                0x00000244                __vector_95
                0x00000244                __vector_103
                0x00000244                __vector_96
                0x00000244                __vector_89
                0x00000244                __vector_108
                0x00000244                __vector_4
                0x00000244                __vector_44
                0x00000244                __vector_82
                0x00000244                __vector_106
                0x00000244                __vector_118
                0x00000244                __vector_51
                0x00000244                __vector_9
                0x00000244                __vector_2
                0x00000244                __vector_21
                0x00000244                __vector_15
                0x00000244                __vector_66
                0x00000244                __vector_36
                0x00000244                __vector_79
                0x00000244                __vector_58
                0x00000244                __vector_70
                0x00000244                __vector_83
                0x00000244                __vector_29
                0x00000244                __vector_60
                0x00000244                __vector_121
                0x00000244                __vector_40
                0x00000244                __vector_85
                0x00000244                __vector_94
                0x00000244                __vector_126
                0x00000244                __vector_8
                0x00000244                __vector_26
                0x00000244                __vector_48
                0x00000244                __vector_124
                0x00000244                __vector_116
                0x00000244                __vector_112
                0x00000244                __vector_111
                0x00000244                __vector_80
                0x00000244                __vector_14
                0x00000244                __vector_84
                0x00000244                __vector_57
                0x00000244                __vector_53
                0x00000244                __vector_10
                0x00000244                __vector_50
                0x00000244                __vector_16
                0x00000244                __vector_59
                0x00000244                __vector_18
                0x00000244                __vector_97
                0x00000244                __vector_20
                0x00000244                __vector_42
                0x00000244                __vector_87
                0x00000244                __vector_65
                0x00000244                __vector_120
                0x00000246                . = ALIGN (0x2)
 *(.text.*)
 .text.sysclk_enable_module
                0x00000246       0x2c src/ASF/common/services/clock/xmega/sysclk.o
                0x00000246                sysclk_enable_module
 .text.crc_io_checksum_byte_start
                0x00000272       0x6c src/ASF/xmega/drivers/crc/crc.o
                0x00000272                crc_io_checksum_byte_start
 .text.crc_io_checksum_byte_stop
                0x000002de       0xa4 src/ASF/xmega/drivers/crc/crc.o
                0x000002de                crc_io_checksum_byte_stop
 .text.crc_io_checksum
                0x00000382       0x36 src/ASF/xmega/drivers/crc/crc.o
                0x00000382                crc_io_checksum
 .text.ioport_configure_port_pin
                0x000003b8       0x50 src/ASF/common/services/ioport/xmega/ioport_compat.o
                0x000003b8                ioport_configure_port_pin
 .text.board_init
                0x00000408       0x1a src/ASF/xmega/boards/xmega_a1u_xplained_pro/board_init.o
                0x00000408                board_init
 .text.twim_interrupt_handler
                0x00000422      0x12e src/ASF/xmega/drivers/twi/twim.o
 .text.__vector_13
                0x00000550       0x64 src/ASF/xmega/drivers/twi/twim.o
                0x00000550                __vector_13
 .text.__vector_76
                0x000005b4       0x64 src/ASF/xmega/drivers/twi/twim.o
                0x000005b4                __vector_76
 .text.__vector_46
                0x00000618       0x64 src/ASF/xmega/drivers/twi/twim.o
                0x00000618                __vector_46
 .text.__vector_107
                0x0000067c       0x64 src/ASF/xmega/drivers/twi/twim.o
                0x0000067c                __vector_107
 .text.twi_master_init
                0x000006e0       0x2a src/ASF/xmega/drivers/twi/twim.o
                0x000006e0                twi_master_init
 .text.twi_master_transfer
                0x0000070a       0xba src/ASF/xmega/drivers/twi/twim.o
                0x0000070a                twi_master_transfer
 .text.twi_master_setup
                0x000007c4      0x2c8 src/main.o
 .text.__vector_24
                0x00000a8c       0x30 src/main.o
                0x00000a8c                __vector_24
 .text.setUpSPIC
                0x00000abc       0x12 src/main.o
                0x00000abc                setUpSPIC
 .text.main     0x00000ace      0x410 src/main.o
                0x00000ace                main
 .text.libgcc.div
                0x00000ede       0x44 c:/program files (x86)/atmel/studio/7.0/toolchain/avr8/avr8-gnu-toolchain/bin/../lib/gcc/avr/4.9.2/avrxmega7\libgcc.a(_udivmodsi4.o)
                0x00000ede                __udivmodsi4
                0x00000f22                . = ALIGN (0x2)
 *(.fini9)
 .fini9         0x00000f22        0x0 c:/program files (x86)/atmel/studio/7.0/toolchain/avr8/avr8-gnu-toolchain/bin/../lib/gcc/avr/4.9.2/avrxmega7\libgcc.a(_exit.o)
                0x00000f22                _exit
                0x00000f22                exit
 *(.fini9)
 *(.fini8)
 *(.fini8)
 *(.fini7)
 *(.fini7)
 *(.fini6)
 *(.fini6)
 *(.fini5)
 *(.fini5)
 *(.fini4)
 *(.fini4)
 *(.fini3)
 *(.fini3)
 *(.fini2)
 *(.fini2)
 *(.fini1)
 *(.fini1)
 *(.fini0)
 .fini0         0x00000f22        0x4 c:/program files (x86)/atmel/studio/7.0/toolchain/avr8/avr8-gnu-toolchain/bin/../lib/gcc/avr/4.9.2/avrxmega7\libgcc.a(_exit.o)
 *(.fini0)
                0x00000f26                _etext = .

.data           0x00802000        0x6 load address 0x00000f26
                0x00802000                PROVIDE (__data_start, .)
 *(.data)
 *(.data*)
 .data.sensor_data
                0x00802000        0x6 src/main.o
                0x00802000                sensor_data
 *(.rodata)
 *(.rodata*)
 *(.gnu.linkonce.d*)
                0x00802006                . = ALIGN (0x2)
                0x00802006                _edata = .
                0x00802006                PROVIDE (__data_end, .)

.bss            0x00802006       0x2c
                0x00802006                PROVIDE (__bss_start, .)
 *(.bss)
 *(.bss*)
 .bss.crc_initial_value
                0x00802006        0x4 src/ASF/xmega/drivers/crc/crc.o
                0x00802006                crc_initial_value
 .bss.transfer  0x0080200a        0xb src/ASF/xmega/drivers/twi/twim.o
 .bss.lock      0x00802015        0x1 src/main.o
                0x00802015                lock
 .bss.send_crc_idx
                0x00802016        0x1 src/main.o
                0x00802016                send_crc_idx
 .bss.send_crc  0x00802017        0x2 src/main.o
                0x00802017                send_crc
 .bss.send_crc_length
                0x00802019        0x1 src/main.o
                0x00802019                send_crc_length
 .bss.send_idx  0x0080201a        0x1 src/main.o
                0x0080201a                send_idx
 .bss.cmd_finished
                0x0080201b        0x1 src/main.o
                0x0080201b                cmd_finished
 .bss.sensor_status
                0x0080201c        0x1 src/main.o
                0x0080201c                sensor_status
 .bss.state     0x0080201d        0x1 src/main.o
                0x0080201d                state
 .bss.calculated_crc
                0x0080201e        0x2 src/main.o
                0x0080201e                calculated_crc
 .bss.received_crc
                0x00802020        0x2 src/main.o
                0x00802020                received_crc
 .bss.cmd_idx   0x00802022        0x1 src/main.o
                0x00802022                cmd_idx
 .bss.spic_flag
                0x00802023        0x1 src/main.o
                0x00802023                spic_flag
 .bss.rx_byte   0x00802024        0x1 src/main.o
                0x00802024                rx_byte
 *(COMMON)
 COMMON         0x00802025        0xd src/main.o
                0x00802025                cmd_data
                0x0080202a                send_data
                0x00802032                PROVIDE (__bss_end, .)
                0x00000f26                __data_load_start = LOADADDR (.data)
                0x00000f2c                __data_load_end = (__data_load_start + SIZEOF (.data))

.noinit         0x00802032        0x0
                [!provide]                PROVIDE (__noinit_start, .)
 *(.noinit*)
                [!provide]                PROVIDE (__noinit_end, .)
                0x00802032                _end = .
                [!provide]                PROVIDE (__heap_start, .)

.eeprom         0x00810000        0x0
 *(.eeprom*)
                0x00810000                __eeprom_end = .

.fuse
 *(.fuse)
 *(.lfuse)
 *(.hfuse)
 *(.efuse)

.lock
 *(.lock*)

.signature
 *(.signature*)

.user_signatures
 *(.user_signatures*)

.stab
 *(.stab)

.stabstr
 *(.stabstr)

.stab.excl
 *(.stab.excl)

.stab.exclstr
 *(.stab.exclstr)

.stab.index
 *(.stab.index)

.stab.indexstr
 *(.stab.indexstr)

.comment        0x00000000       0x30
 *(.comment)
 .comment       0x00000000       0x30 src/ASF/common/services/clock/xmega/sysclk.o
                                 0x31 (size before relaxing)
 .comment       0x00000030       0x31 src/ASF/xmega/drivers/crc/crc.o
 .comment       0x00000030       0x31 src/ASF/common/services/ioport/xmega/ioport_compat.o
 .comment       0x00000030       0x31 src/ASF/xmega/boards/xmega_a1u_xplained_pro/board_init.o
 .comment       0x00000030       0x31 src/ASF/xmega/drivers/twi/twim.o
 .comment       0x00000030       0x31 src/main.o

.note.gnu.avr.deviceinfo
                0x00000000       0x40
 .note.gnu.avr.deviceinfo
                0x00000000       0x40 C:/Program Files (x86)/Atmel/Studio/7.0/Packs/atmel/XMEGAA_DFP/1.1.63/gcc/dev/atxmega128a1u/avrxmega7/crtatxmega128a1u.o

.note.gnu.build-id
 *(.note.gnu.build-id)

.debug
 *(.debug)

.line
 *(.line)

.debug_srcinfo
 *(.debug_srcinfo)

.debug_sfnames
 *(.debug_sfnames)

.debug_aranges  0x00000000      0x170
 *(.debug_aranges)
 .debug_aranges
                0x00000000       0x40 src/ASF/common/services/clock/xmega/sysclk.o
 .debug_aranges
                0x00000040       0x68 src/ASF/xmega/drivers/crc/crc.o
 .debug_aranges
                0x000000a8       0x20 src/ASF/common/services/ioport/xmega/ioport_compat.o
 .debug_aranges
                0x000000c8       0x20 src/ASF/xmega/boards/xmega_a1u_xplained_pro/board_init.o
 .debug_aranges
                0x000000e8       0x50 src/ASF/xmega/drivers/twi/twim.o
 .debug_aranges
                0x00000138       0x38 src/main.o

.debug_pubnames
 *(.debug_pubnames)

.debug_info     0x00000000     0x8cf4
 *(.debug_info .gnu.linkonce.wi.*)
 .debug_info    0x00000000     0x3e5a C:/Program Files (x86)/Atmel/Studio/7.0/Packs/atmel/XMEGAA_DFP/1.1.63/gcc/dev/atxmega128a1u/avrxmega7/crtatxmega128a1u.o
 .debug_info    0x00003e5a      0x718 src/ASF/common/services/clock/xmega/sysclk.o
 .debug_info    0x00004572      0xbc6 src/ASF/xmega/drivers/crc/crc.o
 .debug_info    0x00005138      0x11d src/ASF/common/services/ioport/xmega/ioport_compat.o
 .debug_info    0x00005255      0x3ea src/ASF/xmega/boards/xmega_a1u_xplained_pro/board_init.o
 .debug_info    0x0000563f      0x94d src/ASF/xmega/drivers/twi/twim.o
 .debug_info    0x00005f8c     0x2d68 src/main.o

.debug_abbrev   0x00000000     0x4838
 *(.debug_abbrev)
 .debug_abbrev  0x00000000     0x3b0e C:/Program Files (x86)/Atmel/Studio/7.0/Packs/atmel/XMEGAA_DFP/1.1.63/gcc/dev/atxmega128a1u/avrxmega7/crtatxmega128a1u.o
 .debug_abbrev  0x00003b0e      0x237 src/ASF/common/services/clock/xmega/sysclk.o
 .debug_abbrev  0x00003d45      0x2d5 src/ASF/xmega/drivers/crc/crc.o
 .debug_abbrev  0x0000401a       0x93 src/ASF/common/services/ioport/xmega/ioport_compat.o
 .debug_abbrev  0x000040ad      0x160 src/ASF/xmega/boards/xmega_a1u_xplained_pro/board_init.o
 .debug_abbrev  0x0000420d      0x2c6 src/ASF/xmega/drivers/twi/twim.o
 .debug_abbrev  0x000044d3      0x365 src/main.o

.debug_line     0x00000000     0x2d94
 *(.debug_line .debug_line.* .debug_line_end)
 .debug_line    0x00000000      0x3b5 C:/Program Files (x86)/Atmel/Studio/7.0/Packs/atmel/XMEGAA_DFP/1.1.63/gcc/dev/atxmega128a1u/avrxmega7/crtatxmega128a1u.o
 .debug_line    0x000003b5      0x645 src/ASF/common/services/clock/xmega/sysclk.o
 .debug_line    0x000009fa      0x7bc src/ASF/xmega/drivers/crc/crc.o
 .debug_line    0x000011b6      0x4b3 src/ASF/common/services/ioport/xmega/ioport_compat.o
 .debug_line    0x00001669      0x4ea src/ASF/xmega/boards/xmega_a1u_xplained_pro/board_init.o
 .debug_line    0x00001b53      0x659 src/ASF/xmega/drivers/twi/twim.o
 .debug_line    0x000021ac      0xbe8 src/main.o

.debug_frame    0x00000000      0x4a4
 *(.debug_frame)
 .debug_frame   0x00000000       0x94 src/ASF/common/services/clock/xmega/sysclk.o
 .debug_frame   0x00000094      0x174 src/ASF/xmega/drivers/crc/crc.o
 .debug_frame   0x00000208       0x30 src/ASF/common/services/ioport/xmega/ioport_compat.o
 .debug_frame   0x00000238       0x24 src/ASF/xmega/boards/xmega_a1u_xplained_pro/board_init.o
 .debug_frame   0x0000025c      0x1c0 src/ASF/xmega/drivers/twi/twim.o
 .debug_frame   0x0000041c       0x88 src/main.o

.debug_str      0x00000000    0x3243a
 *(.debug_str)
 .debug_str     0x00000000     0x2969 C:/Program Files (x86)/Atmel/Studio/7.0/Packs/atmel/XMEGAA_DFP/1.1.63/gcc/dev/atxmega128a1u/avrxmega7/crtatxmega128a1u.o
 .debug_str     0x00002969    0x2d7bf src/ASF/common/services/clock/xmega/sysclk.o
                              0x2df93 (size before relaxing)
 .debug_str     0x00030128      0x81e src/ASF/xmega/drivers/crc/crc.o
                              0x2b8a4 (size before relaxing)
 .debug_str     0x00030946      0x6c0 src/ASF/common/services/ioport/xmega/ioport_compat.o
                              0x2b5fb (size before relaxing)
 .debug_str     0x00031006      0x1ba src/ASF/xmega/boards/xmega_a1u_xplained_pro/board_init.o
                              0x2d86e (size before relaxing)
 .debug_str     0x000311c0      0x5c1 src/ASF/xmega/drivers/twi/twim.o
                              0x2b600 (size before relaxing)
 .debug_str     0x00031781      0xcb9 src/main.o
                              0x2f697 (size before relaxing)

.debug_loc      0x00000000     0x14cd
 *(.debug_loc)
 .debug_loc     0x00000000      0x2c4 src/ASF/common/services/clock/xmega/sysclk.o
 .debug_loc     0x000002c4      0x9b3 src/ASF/xmega/drivers/crc/crc.o
 .debug_loc     0x00000c77       0x66 src/ASF/common/services/ioport/xmega/ioport_compat.o
 .debug_loc     0x00000cdd      0x63f src/ASF/xmega/drivers/twi/twim.o
 .debug_loc     0x0000131c      0x1b1 src/main.o

.debug_macinfo
 *(.debug_macinfo)

.debug_weaknames
 *(.debug_weaknames)

.debug_funcnames
 *(.debug_funcnames)

.debug_typenames
 *(.debug_typenames)

.debug_varnames
 *(.debug_varnames)

.debug_pubtypes
 *(.debug_pubtypes)

.debug_ranges   0x00000000      0x170
 *(.debug_ranges)
 .debug_ranges  0x00000000       0x30 src/ASF/common/services/clock/xmega/sysclk.o
 .debug_ranges  0x00000030       0x70 src/ASF/xmega/drivers/crc/crc.o
 .debug_ranges  0x000000a0       0x10 src/ASF/common/services/ioport/xmega/ioport_compat.o
 .debug_ranges  0x000000b0       0x10 src/ASF/xmega/boards/xmega_a1u_xplained_pro/board_init.o
 .debug_ranges  0x000000c0       0x70 src/ASF/xmega/drivers/twi/twim.o
 .debug_ranges  0x00000130       0x40 src/main.o

.debug_macro    0x00000000     0xb2ea
 *(.debug_macro)
 .debug_macro   0x00000000      0x1eb src/ASF/common/services/clock/xmega/sysclk.o
 .debug_macro   0x000001eb      0xa96 src/ASF/common/services/clock/xmega/sysclk.o
 .debug_macro   0x00000c81       0x10 src/ASF/common/services/clock/xmega/sysclk.o
 .debug_macro   0x00000c91      0x1c9 src/ASF/common/services/clock/xmega/sysclk.o
 .debug_macro   0x00000e5a      0x2fc src/ASF/common/services/clock/xmega/sysclk.o
 .debug_macro   0x00001156       0x9e src/ASF/common/services/clock/xmega/sysclk.o
 .debug_macro   0x000011f4     0x6ddf src/ASF/common/services/clock/xmega/sysclk.o
 .debug_macro   0x00007fd3       0x9a src/ASF/common/services/clock/xmega/sysclk.o
 .debug_macro   0x0000806d       0xf1 src/ASF/common/services/clock/xmega/sysclk.o
 .debug_macro   0x0000815e       0x34 src/ASF/common/services/clock/xmega/sysclk.o
 .debug_macro   0x00008192       0x10 src/ASF/common/services/clock/xmega/sysclk.o
 .debug_macro   0x000081a2       0x18 src/ASF/common/services/clock/xmega/sysclk.o
 .debug_macro   0x000081ba       0x5e src/ASF/common/services/clock/xmega/sysclk.o
 .debug_macro   0x00008218       0x10 src/ASF/common/services/clock/xmega/sysclk.o
 .debug_macro   0x00008228       0x22 src/ASF/common/services/clock/xmega/sysclk.o
 .debug_macro   0x0000824a      0x166 src/ASF/common/services/clock/xmega/sysclk.o
 .debug_macro   0x000083b0       0x1c src/ASF/common/services/clock/xmega/sysclk.o
 .debug_macro   0x000083cc       0x35 src/ASF/common/services/clock/xmega/sysclk.o
 .debug_macro   0x00008401       0x66 src/ASF/common/services/clock/xmega/sysclk.o
 .debug_macro   0x00008467      0x652 src/ASF/common/services/clock/xmega/sysclk.o
 .debug_macro   0x00008ab9       0x97 src/ASF/common/services/clock/xmega/sysclk.o
 .debug_macro   0x00008b50       0x17 src/ASF/common/services/clock/xmega/sysclk.o
 .debug_macro   0x00008b67      0x250 src/ASF/common/services/clock/xmega/sysclk.o
 .debug_macro   0x00008db7       0x76 src/ASF/common/services/clock/xmega/sysclk.o
 .debug_macro   0x00008e2d       0x16 src/ASF/common/services/clock/xmega/sysclk.o
 .debug_macro   0x00008e43      0x6e3 src/ASF/common/services/clock/xmega/sysclk.o
 .debug_macro   0x00009526       0x10 src/ASF/common/services/clock/xmega/sysclk.o
 .debug_macro   0x00009536      0x175 src/ASF/common/services/clock/xmega/sysclk.o
 .debug_macro   0x000096ab       0x40 src/ASF/common/services/clock/xmega/sysclk.o
 .debug_macro   0x000096eb       0x69 src/ASF/common/services/clock/xmega/sysclk.o
 .debug_macro   0x00009754       0x32 src/ASF/common/services/clock/xmega/sysclk.o
 .debug_macro   0x00009786       0xe4 src/ASF/common/services/clock/xmega/sysclk.o
 .debug_macro   0x0000986a       0x22 src/ASF/common/services/clock/xmega/sysclk.o
 .debug_macro   0x0000988c      0x2bf src/ASF/common/services/clock/xmega/sysclk.o
 .debug_macro   0x00009b4b      0x530 src/ASF/common/services/clock/xmega/sysclk.o
 .debug_macro   0x0000a07b       0x7d src/ASF/common/services/clock/xmega/sysclk.o
 .debug_macro   0x0000a0f8       0x2f src/ASF/common/services/clock/xmega/sysclk.o
 .debug_macro   0x0000a127      0x154 src/ASF/common/services/clock/xmega/sysclk.o
 .debug_macro   0x0000a27b       0x26 src/ASF/common/services/clock/xmega/sysclk.o
 .debug_macro   0x0000a2a1      0x1a5 src/ASF/xmega/drivers/crc/crc.o
 .debug_macro   0x0000a446      0x10e src/ASF/xmega/drivers/crc/crc.o
 .debug_macro   0x0000a554       0x7f src/ASF/xmega/drivers/crc/crc.o
 .debug_macro   0x0000a5d3       0x20 src/ASF/xmega/drivers/crc/crc.o
 .debug_macro   0x0000a5f3       0x1c src/ASF/xmega/drivers/crc/crc.o
 .debug_macro   0x0000a60f      0x193 src/ASF/common/services/ioport/xmega/ioport_compat.o
 .debug_macro   0x0000a7a2       0x9a src/ASF/common/services/ioport/xmega/ioport_compat.o
 .debug_macro   0x0000a83c      0x109 src/ASF/common/services/ioport/xmega/ioport_compat.o
 .debug_macro   0x0000a945      0x1bc src/ASF/xmega/boards/xmega_a1u_xplained_pro/board_init.o
 .debug_macro   0x0000ab01      0x2b9 src/ASF/xmega/boards/xmega_a1u_xplained_pro/board_init.o
 .debug_macro   0x0000adba      0x198 src/ASF/xmega/drivers/twi/twim.o
 .debug_macro   0x0000af52       0x16 src/ASF/xmega/drivers/twi/twim.o
 .debug_macro   0x0000af68       0x22 src/ASF/xmega/drivers/twi/twim.o
 .debug_macro   0x0000af8a       0x10 src/ASF/xmega/drivers/twi/twim.o
 .debug_macro   0x0000af9a      0x2e4 src/main.o
 .debug_macro   0x0000b27e       0x34 src/main.o
 .debug_macro   0x0000b2b2       0x28 src/main.o
 .debug_macro   0x0000b2da       0x10 src/main.o
OUTPUT(SPI_Communication_Dev.elf elf32-avr)
LOAD linker stubs

.BOOT           0x00020000        0x0
