Archive member included to satisfy reference by file (symbol)

c:/program files (x86)/atmel/studio/7.0/toolchain/avr8/avr8-gnu-toolchain/bin/../lib/gcc/avr/4.9.2/avrxmega7\libgcc.a(_udivmodsi4.o)
                              src/ASF/xmega/drivers/spi/spi.o (__udivmodsi4)
c:/program files (x86)/atmel/studio/7.0/toolchain/avr8/avr8-gnu-toolchain/bin/../lib/gcc/avr/4.9.2/avrxmega7\libgcc.a(_exit.o)
                              C:/Program Files (x86)/Atmel/Studio/7.0/Packs/atmel/XMEGAA_DFP/1.1.63/gcc/dev/atxmega128a1u/avrxmega7/crtatxmega128a1u.o (exit)
c:/program files (x86)/atmel/studio/7.0/toolchain/avr8/avr8-gnu-toolchain/bin/../lib/gcc/avr/4.9.2/avrxmega7\libgcc.a(_copy_data.o)
                              src/main.o (__do_copy_data)
c:/program files (x86)/atmel/studio/7.0/toolchain/avr8/avr8-gnu-toolchain/bin/../lib/gcc/avr/4.9.2/../../../../avr/lib/avrxmega7\libc.a(memcpy.o)
                              src/ASF/xmega/drivers/nvm/nvm.o (memcpy)

Discarded input sections

 .data          0x00000000        0x0 C:/Program Files (x86)/Atmel/Studio/7.0/Packs/atmel/XMEGAA_DFP/1.1.63/gcc/dev/atxmega128a1u/avrxmega7/crtatxmega128a1u.o
 .bss           0x00000000        0x0 C:/Program Files (x86)/Atmel/Studio/7.0/Packs/atmel/XMEGAA_DFP/1.1.63/gcc/dev/atxmega128a1u/avrxmega7/crtatxmega128a1u.o
 .group         0x00000000        0x8 src/ASF/common/services/spi/xmega_spi/spi_master.o
 .group         0x00000000        0x8 src/ASF/common/services/spi/xmega_spi/spi_master.o
 .group         0x00000000        0x8 src/ASF/common/services/spi/xmega_spi/spi_master.o
 .group         0x00000000        0x8 src/ASF/common/services/spi/xmega_spi/spi_master.o
 .group         0x00000000        0x8 src/ASF/common/services/spi/xmega_spi/spi_master.o
 .group         0x00000000        0x8 src/ASF/common/services/spi/xmega_spi/spi_master.o
 .group         0x00000000        0x8 src/ASF/common/services/spi/xmega_spi/spi_master.o
 .group         0x00000000        0x8 src/ASF/common/services/spi/xmega_spi/spi_master.o
 .group         0x00000000        0x8 src/ASF/common/services/spi/xmega_spi/spi_master.o
 .group         0x00000000        0x8 src/ASF/common/services/spi/xmega_spi/spi_master.o
 .group         0x00000000        0x8 src/ASF/common/services/spi/xmega_spi/spi_master.o
 .group         0x00000000        0x8 src/ASF/common/services/spi/xmega_spi/spi_master.o
 .group         0x00000000        0x8 src/ASF/common/services/spi/xmega_spi/spi_master.o
 .group         0x00000000        0x8 src/ASF/common/services/spi/xmega_spi/spi_master.o
 .group         0x00000000        0x8 src/ASF/common/services/spi/xmega_spi/spi_master.o
 .group         0x00000000        0x8 src/ASF/common/services/spi/xmega_spi/spi_master.o
 .group         0x00000000        0x8 src/ASF/common/services/spi/xmega_spi/spi_master.o
 .group         0x00000000        0x8 src/ASF/common/services/spi/xmega_spi/spi_master.o
 .group         0x00000000        0x8 src/ASF/common/services/spi/xmega_spi/spi_master.o
 .group         0x00000000        0x8 src/ASF/common/services/spi/xmega_spi/spi_master.o
 .group         0x00000000        0x8 src/ASF/common/services/spi/xmega_spi/spi_master.o
 .group         0x00000000        0x8 src/ASF/common/services/spi/xmega_spi/spi_master.o
 .group         0x00000000        0x8 src/ASF/common/services/spi/xmega_spi/spi_master.o
 .group         0x00000000        0x8 src/ASF/common/services/spi/xmega_spi/spi_master.o
 .group         0x00000000        0x8 src/ASF/common/services/spi/xmega_spi/spi_master.o
 .group         0x00000000        0x8 src/ASF/common/services/spi/xmega_spi/spi_master.o
 .group         0x00000000        0x8 src/ASF/common/services/spi/xmega_spi/spi_master.o
 .group         0x00000000        0x8 src/ASF/common/services/spi/xmega_spi/spi_master.o
 .group         0x00000000        0x8 src/ASF/common/services/spi/xmega_spi/spi_master.o
 .group         0x00000000        0x8 src/ASF/common/services/spi/xmega_spi/spi_master.o
 .group         0x00000000        0x8 src/ASF/common/services/spi/xmega_spi/spi_master.o
 .group         0x00000000        0x8 src/ASF/common/services/spi/xmega_spi/spi_master.o
 .group         0x00000000        0x8 src/ASF/common/services/spi/xmega_spi/spi_master.o
 .group         0x00000000        0x8 src/ASF/common/services/spi/xmega_spi/spi_master.o
 .group         0x00000000        0x8 src/ASF/common/services/spi/xmega_spi/spi_master.o
 .group         0x00000000        0x8 src/ASF/common/services/spi/xmega_spi/spi_master.o
 .group         0x00000000        0x8 src/ASF/common/services/spi/xmega_spi/spi_master.o
 .group         0x00000000        0x8 src/ASF/common/services/spi/xmega_spi/spi_master.o
 .group         0x00000000        0x8 src/ASF/common/services/spi/xmega_spi/spi_master.o
 .group         0x00000000        0x8 src/ASF/common/services/spi/xmega_spi/spi_master.o
 .text          0x00000000        0x0 src/ASF/common/services/spi/xmega_spi/spi_master.o
 .data          0x00000000        0x0 src/ASF/common/services/spi/xmega_spi/spi_master.o
 .bss           0x00000000        0x0 src/ASF/common/services/spi/xmega_spi/spi_master.o
 .text.spi_write_packet
                0x00000000       0x1e src/ASF/common/services/spi/xmega_spi/spi_master.o
 .group         0x00000000        0x8 src/ASF/common/services/clock/xmega/sysclk.o
 .group         0x00000000        0x8 src/ASF/common/services/clock/xmega/sysclk.o
 .group         0x00000000        0x8 src/ASF/common/services/clock/xmega/sysclk.o
 .group         0x00000000        0x8 src/ASF/common/services/clock/xmega/sysclk.o
 .group         0x00000000        0x8 src/ASF/common/services/clock/xmega/sysclk.o
 .group         0x00000000        0x8 src/ASF/common/services/clock/xmega/sysclk.o
 .group         0x00000000        0x8 src/ASF/common/services/clock/xmega/sysclk.o
 .group         0x00000000        0x8 src/ASF/common/services/clock/xmega/sysclk.o
 .group         0x00000000        0x8 src/ASF/common/services/clock/xmega/sysclk.o
 .group         0x00000000        0x8 src/ASF/common/services/clock/xmega/sysclk.o
 .group         0x00000000        0x8 src/ASF/common/services/clock/xmega/sysclk.o
 .group         0x00000000        0x8 src/ASF/common/services/clock/xmega/sysclk.o
 .group         0x00000000        0x8 src/ASF/common/services/clock/xmega/sysclk.o
 .group         0x00000000        0x8 src/ASF/common/services/clock/xmega/sysclk.o
 .group         0x00000000        0x8 src/ASF/common/services/clock/xmega/sysclk.o
 .group         0x00000000        0x8 src/ASF/common/services/clock/xmega/sysclk.o
 .group         0x00000000        0x8 src/ASF/common/services/clock/xmega/sysclk.o
 .group         0x00000000        0x8 src/ASF/common/services/clock/xmega/sysclk.o
 .group         0x00000000        0x8 src/ASF/common/services/clock/xmega/sysclk.o
 .group         0x00000000        0x8 src/ASF/common/services/clock/xmega/sysclk.o
 .group         0x00000000        0x8 src/ASF/common/services/clock/xmega/sysclk.o
 .group         0x00000000        0x8 src/ASF/common/services/clock/xmega/sysclk.o
 .group         0x00000000        0x8 src/ASF/common/services/clock/xmega/sysclk.o
 .group         0x00000000        0x8 src/ASF/common/services/clock/xmega/sysclk.o
 .group         0x00000000        0x8 src/ASF/common/services/clock/xmega/sysclk.o
 .group         0x00000000        0x8 src/ASF/common/services/clock/xmega/sysclk.o
 .group         0x00000000        0x8 src/ASF/common/services/clock/xmega/sysclk.o
 .group         0x00000000        0x8 src/ASF/common/services/clock/xmega/sysclk.o
 .group         0x00000000        0x8 src/ASF/common/services/clock/xmega/sysclk.o
 .group         0x00000000        0x8 src/ASF/common/services/clock/xmega/sysclk.o
 .group         0x00000000        0x8 src/ASF/common/services/clock/xmega/sysclk.o
 .group         0x00000000        0x8 src/ASF/common/services/clock/xmega/sysclk.o
 .group         0x00000000        0x8 src/ASF/common/services/clock/xmega/sysclk.o
 .group         0x00000000        0x8 src/ASF/common/services/clock/xmega/sysclk.o
 .group         0x00000000        0x8 src/ASF/common/services/clock/xmega/sysclk.o
 .group         0x00000000        0x8 src/ASF/common/services/clock/xmega/sysclk.o
 .group         0x00000000        0x8 src/ASF/common/services/clock/xmega/sysclk.o
 .group         0x00000000        0x8 src/ASF/common/services/clock/xmega/sysclk.o
 .text          0x00000000        0x0 src/ASF/common/services/clock/xmega/sysclk.o
 .data          0x00000000        0x0 src/ASF/common/services/clock/xmega/sysclk.o
 .bss           0x00000000        0x0 src/ASF/common/services/clock/xmega/sysclk.o
 .text.sysclk_init
                0x00000000       0x20 src/ASF/common/services/clock/xmega/sysclk.o
 .text.sysclk_disable_module
                0x00000000       0x2a src/ASF/common/services/clock/xmega/sysclk.o
 .text.sysclk_enable_usb
                0x00000000       0x50 src/ASF/common/services/clock/xmega/sysclk.o
 .text.sysclk_disable_usb
                0x00000000       0x14 src/ASF/common/services/clock/xmega/sysclk.o
 .debug_macro   0x00000000      0xa96 src/ASF/common/services/clock/xmega/sysclk.o
 .debug_macro   0x00000000       0x10 src/ASF/common/services/clock/xmega/sysclk.o
 .debug_macro   0x00000000      0x1c9 src/ASF/common/services/clock/xmega/sysclk.o
 .debug_macro   0x00000000      0x2fc src/ASF/common/services/clock/xmega/sysclk.o
 .debug_macro   0x00000000       0x9e src/ASF/common/services/clock/xmega/sysclk.o
 .debug_macro   0x00000000     0x6ddf src/ASF/common/services/clock/xmega/sysclk.o
 .debug_macro   0x00000000       0x9a src/ASF/common/services/clock/xmega/sysclk.o
 .debug_macro   0x00000000       0xf1 src/ASF/common/services/clock/xmega/sysclk.o
 .debug_macro   0x00000000       0x34 src/ASF/common/services/clock/xmega/sysclk.o
 .debug_macro   0x00000000       0x10 src/ASF/common/services/clock/xmega/sysclk.o
 .debug_macro   0x00000000       0x18 src/ASF/common/services/clock/xmega/sysclk.o
 .debug_macro   0x00000000       0x5e src/ASF/common/services/clock/xmega/sysclk.o
 .debug_macro   0x00000000       0x10 src/ASF/common/services/clock/xmega/sysclk.o
 .debug_macro   0x00000000       0x22 src/ASF/common/services/clock/xmega/sysclk.o
 .debug_macro   0x00000000      0x166 src/ASF/common/services/clock/xmega/sysclk.o
 .debug_macro   0x00000000       0x1c src/ASF/common/services/clock/xmega/sysclk.o
 .debug_macro   0x00000000       0x35 src/ASF/common/services/clock/xmega/sysclk.o
 .debug_macro   0x00000000       0x66 src/ASF/common/services/clock/xmega/sysclk.o
 .debug_macro   0x00000000      0x652 src/ASF/common/services/clock/xmega/sysclk.o
 .debug_macro   0x00000000       0x97 src/ASF/common/services/clock/xmega/sysclk.o
 .debug_macro   0x00000000       0x17 src/ASF/common/services/clock/xmega/sysclk.o
 .debug_macro   0x00000000      0x250 src/ASF/common/services/clock/xmega/sysclk.o
 .debug_macro   0x00000000       0x76 src/ASF/common/services/clock/xmega/sysclk.o
 .debug_macro   0x00000000       0x16 src/ASF/common/services/clock/xmega/sysclk.o
 .debug_macro   0x00000000      0x6e3 src/ASF/common/services/clock/xmega/sysclk.o
 .debug_macro   0x00000000       0x10 src/ASF/common/services/clock/xmega/sysclk.o
 .debug_macro   0x00000000      0x175 src/ASF/common/services/clock/xmega/sysclk.o
 .debug_macro   0x00000000       0x40 src/ASF/common/services/clock/xmega/sysclk.o
 .debug_macro   0x00000000       0x69 src/ASF/common/services/clock/xmega/sysclk.o
 .debug_macro   0x00000000       0x32 src/ASF/common/services/clock/xmega/sysclk.o
 .debug_macro   0x00000000       0xe4 src/ASF/common/services/clock/xmega/sysclk.o
 .debug_macro   0x00000000       0x22 src/ASF/common/services/clock/xmega/sysclk.o
 .debug_macro   0x00000000      0x2bf src/ASF/common/services/clock/xmega/sysclk.o
 .debug_macro   0x00000000      0x530 src/ASF/common/services/clock/xmega/sysclk.o
 .debug_macro   0x00000000       0x7d src/ASF/common/services/clock/xmega/sysclk.o
 .debug_macro   0x00000000       0x2f src/ASF/common/services/clock/xmega/sysclk.o
 .debug_macro   0x00000000      0x154 src/ASF/common/services/clock/xmega/sysclk.o
 .group         0x00000000        0x8 src/ASF/xmega/drivers/nvm/nvm.o
 .group         0x00000000        0x8 src/ASF/xmega/drivers/nvm/nvm.o
 .group         0x00000000        0x8 src/ASF/xmega/drivers/nvm/nvm.o
 .group         0x00000000        0x8 src/ASF/xmega/drivers/nvm/nvm.o
 .group         0x00000000        0x8 src/ASF/xmega/drivers/nvm/nvm.o
 .group         0x00000000        0x8 src/ASF/xmega/drivers/nvm/nvm.o
 .group         0x00000000        0x8 src/ASF/xmega/drivers/nvm/nvm.o
 .group         0x00000000        0x8 src/ASF/xmega/drivers/nvm/nvm.o
 .group         0x00000000        0x8 src/ASF/xmega/drivers/nvm/nvm.o
 .group         0x00000000        0x8 src/ASF/xmega/drivers/nvm/nvm.o
 .group         0x00000000        0x8 src/ASF/xmega/drivers/nvm/nvm.o
 .group         0x00000000        0x8 src/ASF/xmega/drivers/nvm/nvm.o
 .group         0x00000000        0x8 src/ASF/xmega/drivers/nvm/nvm.o
 .group         0x00000000        0x8 src/ASF/xmega/drivers/nvm/nvm.o
 .group         0x00000000        0x8 src/ASF/xmega/drivers/nvm/nvm.o
 .group         0x00000000        0x8 src/ASF/xmega/drivers/nvm/nvm.o
 .group         0x00000000        0x8 src/ASF/xmega/drivers/nvm/nvm.o
 .group         0x00000000        0x8 src/ASF/xmega/drivers/nvm/nvm.o
 .group         0x00000000        0x8 src/ASF/xmega/drivers/nvm/nvm.o
 .group         0x00000000        0x8 src/ASF/xmega/drivers/nvm/nvm.o
 .group         0x00000000        0x8 src/ASF/xmega/drivers/nvm/nvm.o
 .group         0x00000000        0x8 src/ASF/xmega/drivers/nvm/nvm.o
 .group         0x00000000        0x8 src/ASF/xmega/drivers/nvm/nvm.o
 .group         0x00000000        0x8 src/ASF/xmega/drivers/nvm/nvm.o
 .group         0x00000000        0x8 src/ASF/xmega/drivers/nvm/nvm.o
 .group         0x00000000        0x8 src/ASF/xmega/drivers/nvm/nvm.o
 .group         0x00000000        0x8 src/ASF/xmega/drivers/nvm/nvm.o
 .group         0x00000000        0x8 src/ASF/xmega/drivers/nvm/nvm.o
 .group         0x00000000        0x8 src/ASF/xmega/drivers/nvm/nvm.o
 .group         0x00000000        0x8 src/ASF/xmega/drivers/nvm/nvm.o
 .group         0x00000000        0x8 src/ASF/xmega/drivers/nvm/nvm.o
 .group         0x00000000        0x8 src/ASF/xmega/drivers/nvm/nvm.o
 .group         0x00000000        0x8 src/ASF/xmega/drivers/nvm/nvm.o
 .text          0x00000000        0x0 src/ASF/xmega/drivers/nvm/nvm.o
 .data          0x00000000        0x0 src/ASF/xmega/drivers/nvm/nvm.o
 .bss           0x00000000        0x0 src/ASF/xmega/drivers/nvm/nvm.o
 .text.nvm_read_device_serial
                0x00000000       0x90 src/ASF/xmega/drivers/nvm/nvm.o
 .text.nvm_eeprom_read_byte
                0x00000000       0x22 src/ASF/xmega/drivers/nvm/nvm.o
 .text.nvm_eeprom_read_buffer
                0x00000000       0x32 src/ASF/xmega/drivers/nvm/nvm.o
 .text.nvm_eeprom_flush_buffer
                0x00000000       0x24 src/ASF/xmega/drivers/nvm/nvm.o
 .text.nvm_eeprom_load_byte_to_buffer
                0x00000000       0x24 src/ASF/xmega/drivers/nvm/nvm.o
 .text.nvm_eeprom_write_byte
                0x00000000       0x50 src/ASF/xmega/drivers/nvm/nvm.o
 .text.nvm_eeprom_load_page_to_buffer
                0x00000000       0x40 src/ASF/xmega/drivers/nvm/nvm.o
 .text.nvm_eeprom_atomic_write_page
                0x00000000       0x3c src/ASF/xmega/drivers/nvm/nvm.o
 .text.nvm_eeprom_erase_and_write_buffer
                0x00000000       0x86 src/ASF/xmega/drivers/nvm/nvm.o
 .text.nvm_eeprom_split_write_page
                0x00000000       0x3c src/ASF/xmega/drivers/nvm/nvm.o
 .text.nvm_eeprom_fill_buffer_with_value
                0x00000000       0x2a src/ASF/xmega/drivers/nvm/nvm.o
 .text.nvm_eeprom_erase_bytes_in_page
                0x00000000       0x3c src/ASF/xmega/drivers/nvm/nvm.o
 .text.nvm_eeprom_erase_page
                0x00000000       0x14 src/ASF/xmega/drivers/nvm/nvm.o
 .text.nvm_eeprom_erase_bytes_in_all_pages
                0x00000000       0x2e src/ASF/xmega/drivers/nvm/nvm.o
 .text.nvm_eeprom_erase_all
                0x00000000        0xc src/ASF/xmega/drivers/nvm/nvm.o
 .text.nvm_issue_flash_range_crc
                0x00000000       0x5a src/ASF/xmega/drivers/nvm/nvm.o
 .text.nvm_flash_read_buffer
                0x00000000       0x34 src/ASF/xmega/drivers/nvm/nvm.o
 .text.nvm_user_sig_read_buffer
                0x00000000       0x3c src/ASF/xmega/drivers/nvm/nvm.o
 .text.nvm_user_sig_write_buffer
                0x00000000      0x158 src/ASF/xmega/drivers/nvm/nvm.o
 .text.nvm_flash_erase_and_write_buffer
                0x00000000      0x1c4 src/ASF/xmega/drivers/nvm/nvm.o
 .text.nvm_fuses_read
                0x00000000       0x32 src/ASF/xmega/drivers/nvm/nvm.o
 .debug_info    0x00000000     0x13d0 src/ASF/xmega/drivers/nvm/nvm.o
 .debug_abbrev  0x00000000      0x3e5 src/ASF/xmega/drivers/nvm/nvm.o
 .debug_loc     0x00000000     0x11ef src/ASF/xmega/drivers/nvm/nvm.o
 .debug_aranges
                0x00000000       0xc0 src/ASF/xmega/drivers/nvm/nvm.o
 .debug_ranges  0x00000000       0xb0 src/ASF/xmega/drivers/nvm/nvm.o
 .debug_macro   0x00000000      0x198 src/ASF/xmega/drivers/nvm/nvm.o
 .debug_macro   0x00000000      0xa96 src/ASF/xmega/drivers/nvm/nvm.o
 .debug_macro   0x00000000       0x10 src/ASF/xmega/drivers/nvm/nvm.o
 .debug_macro   0x00000000      0x1c9 src/ASF/xmega/drivers/nvm/nvm.o
 .debug_macro   0x00000000      0x2fc src/ASF/xmega/drivers/nvm/nvm.o
 .debug_macro   0x00000000       0x9e src/ASF/xmega/drivers/nvm/nvm.o
 .debug_macro   0x00000000     0x6ddf src/ASF/xmega/drivers/nvm/nvm.o
 .debug_macro   0x00000000       0x9a src/ASF/xmega/drivers/nvm/nvm.o
 .debug_macro   0x00000000       0xf1 src/ASF/xmega/drivers/nvm/nvm.o
 .debug_macro   0x00000000       0x34 src/ASF/xmega/drivers/nvm/nvm.o
 .debug_macro   0x00000000       0x10 src/ASF/xmega/drivers/nvm/nvm.o
 .debug_macro   0x00000000       0x18 src/ASF/xmega/drivers/nvm/nvm.o
 .debug_macro   0x00000000       0x5e src/ASF/xmega/drivers/nvm/nvm.o
 .debug_macro   0x00000000       0x10 src/ASF/xmega/drivers/nvm/nvm.o
 .debug_macro   0x00000000       0x22 src/ASF/xmega/drivers/nvm/nvm.o
 .debug_macro   0x00000000      0x166 src/ASF/xmega/drivers/nvm/nvm.o
 .debug_macro   0x00000000       0x1c src/ASF/xmega/drivers/nvm/nvm.o
 .debug_macro   0x00000000       0x35 src/ASF/xmega/drivers/nvm/nvm.o
 .debug_macro   0x00000000       0x66 src/ASF/xmega/drivers/nvm/nvm.o
 .debug_macro   0x00000000      0x652 src/ASF/xmega/drivers/nvm/nvm.o
 .debug_macro   0x00000000       0x97 src/ASF/xmega/drivers/nvm/nvm.o
 .debug_macro   0x00000000       0x17 src/ASF/xmega/drivers/nvm/nvm.o
 .debug_macro   0x00000000      0x250 src/ASF/xmega/drivers/nvm/nvm.o
 .debug_macro   0x00000000       0x76 src/ASF/xmega/drivers/nvm/nvm.o
 .debug_macro   0x00000000       0x16 src/ASF/xmega/drivers/nvm/nvm.o
 .debug_macro   0x00000000      0x6e3 src/ASF/xmega/drivers/nvm/nvm.o
 .debug_macro   0x00000000       0x10 src/ASF/xmega/drivers/nvm/nvm.o
 .debug_macro   0x00000000      0x175 src/ASF/xmega/drivers/nvm/nvm.o
 .debug_macro   0x00000000       0x40 src/ASF/xmega/drivers/nvm/nvm.o
 .debug_macro   0x00000000       0x69 src/ASF/xmega/drivers/nvm/nvm.o
 .debug_macro   0x00000000       0x32 src/ASF/xmega/drivers/nvm/nvm.o
 .debug_macro   0x00000000       0xe4 src/ASF/xmega/drivers/nvm/nvm.o
 .debug_macro   0x00000000       0x26 src/ASF/xmega/drivers/nvm/nvm.o
 .debug_macro   0x00000000       0x16 src/ASF/xmega/drivers/nvm/nvm.o
 .debug_line    0x00000000      0xb43 src/ASF/xmega/drivers/nvm/nvm.o
 .debug_str     0x00000000    0x2bb17 src/ASF/xmega/drivers/nvm/nvm.o
 .comment       0x00000000       0x31 src/ASF/xmega/drivers/nvm/nvm.o
 .debug_frame   0x00000000      0x348 src/ASF/xmega/drivers/nvm/nvm.o
 .text          0x00000000        0x0 src/ASF/xmega/drivers/nvm/nvm_asm.o
 .data          0x00000000        0x0 src/ASF/xmega/drivers/nvm/nvm_asm.o
 .bss           0x00000000        0x0 src/ASF/xmega/drivers/nvm/nvm_asm.o
 .text.nvm_read_byte
                0x00000000       0x14 src/ASF/xmega/drivers/nvm/nvm_asm.o
 .BOOT          0x00000000       0x44 src/ASF/xmega/drivers/nvm/nvm_asm.o
 .debug_line    0x00000000      0x11f src/ASF/xmega/drivers/nvm/nvm_asm.o
 .debug_info    0x00000000       0x9e src/ASF/xmega/drivers/nvm/nvm_asm.o
 .debug_abbrev  0x00000000       0x12 src/ASF/xmega/drivers/nvm/nvm_asm.o
 .debug_aranges
                0x00000000       0x28 src/ASF/xmega/drivers/nvm/nvm_asm.o
 .debug_ranges  0x00000000       0x20 src/ASF/xmega/drivers/nvm/nvm_asm.o
 .text          0x00000000        0x0 src/ASF/xmega/drivers/cpu/ccp.o
 .data          0x00000000        0x0 src/ASF/xmega/drivers/cpu/ccp.o
 .bss           0x00000000        0x0 src/ASF/xmega/drivers/cpu/ccp.o
 .text.ccp_write_io
                0x00000000        0xc src/ASF/xmega/drivers/cpu/ccp.o
 .debug_line    0x00000000       0x6e src/ASF/xmega/drivers/cpu/ccp.o
 .debug_info    0x00000000       0x9e src/ASF/xmega/drivers/cpu/ccp.o
 .debug_abbrev  0x00000000       0x14 src/ASF/xmega/drivers/cpu/ccp.o
 .debug_aranges
                0x00000000       0x20 src/ASF/xmega/drivers/cpu/ccp.o
 .group         0x00000000        0x8 src/ASF/xmega/drivers/spi/spi.o
 .group         0x00000000        0x8 src/ASF/xmega/drivers/spi/spi.o
 .group         0x00000000        0x8 src/ASF/xmega/drivers/spi/spi.o
 .group         0x00000000        0x8 src/ASF/xmega/drivers/spi/spi.o
 .group         0x00000000        0x8 src/ASF/xmega/drivers/spi/spi.o
 .group         0x00000000        0x8 src/ASF/xmega/drivers/spi/spi.o
 .group         0x00000000        0x8 src/ASF/xmega/drivers/spi/spi.o
 .group         0x00000000        0x8 src/ASF/xmega/drivers/spi/spi.o
 .group         0x00000000        0x8 src/ASF/xmega/drivers/spi/spi.o
 .group         0x00000000        0x8 src/ASF/xmega/drivers/spi/spi.o
 .group         0x00000000        0x8 src/ASF/xmega/drivers/spi/spi.o
 .group         0x00000000        0x8 src/ASF/xmega/drivers/spi/spi.o
 .group         0x00000000        0x8 src/ASF/xmega/drivers/spi/spi.o
 .group         0x00000000        0x8 src/ASF/xmega/drivers/spi/spi.o
 .group         0x00000000        0x8 src/ASF/xmega/drivers/spi/spi.o
 .group         0x00000000        0x8 src/ASF/xmega/drivers/spi/spi.o
 .group         0x00000000        0x8 src/ASF/xmega/drivers/spi/spi.o
 .group         0x00000000        0x8 src/ASF/xmega/drivers/spi/spi.o
 .group         0x00000000        0x8 src/ASF/xmega/drivers/spi/spi.o
 .group         0x00000000        0x8 src/ASF/xmega/drivers/spi/spi.o
 .group         0x00000000        0x8 src/ASF/xmega/drivers/spi/spi.o
 .group         0x00000000        0x8 src/ASF/xmega/drivers/spi/spi.o
 .group         0x00000000        0x8 src/ASF/xmega/drivers/spi/spi.o
 .group         0x00000000        0x8 src/ASF/xmega/drivers/spi/spi.o
 .group         0x00000000        0x8 src/ASF/xmega/drivers/spi/spi.o
 .group         0x00000000        0x8 src/ASF/xmega/drivers/spi/spi.o
 .group         0x00000000        0x8 src/ASF/xmega/drivers/spi/spi.o
 .group         0x00000000        0x8 src/ASF/xmega/drivers/spi/spi.o
 .group         0x00000000        0x8 src/ASF/xmega/drivers/spi/spi.o
 .group         0x00000000        0x8 src/ASF/xmega/drivers/spi/spi.o
 .group         0x00000000        0x8 src/ASF/xmega/drivers/spi/spi.o
 .group         0x00000000        0x8 src/ASF/xmega/drivers/spi/spi.o
 .group         0x00000000        0x8 src/ASF/xmega/drivers/spi/spi.o
 .text          0x00000000        0x0 src/ASF/xmega/drivers/spi/spi.o
 .data          0x00000000        0x0 src/ASF/xmega/drivers/spi/spi.o
 .bss           0x00000000        0x0 src/ASF/xmega/drivers/spi/spi.o
 .debug_macro   0x00000000      0xa96 src/ASF/xmega/drivers/spi/spi.o
 .debug_macro   0x00000000       0x10 src/ASF/xmega/drivers/spi/spi.o
 .debug_macro   0x00000000      0x1c9 src/ASF/xmega/drivers/spi/spi.o
 .debug_macro   0x00000000      0x2fc src/ASF/xmega/drivers/spi/spi.o
 .debug_macro   0x00000000       0x9e src/ASF/xmega/drivers/spi/spi.o
 .debug_macro   0x00000000     0x6ddf src/ASF/xmega/drivers/spi/spi.o
 .debug_macro   0x00000000       0x9a src/ASF/xmega/drivers/spi/spi.o
 .debug_macro   0x00000000       0xf1 src/ASF/xmega/drivers/spi/spi.o
 .debug_macro   0x00000000       0x34 src/ASF/xmega/drivers/spi/spi.o
 .debug_macro   0x00000000       0x10 src/ASF/xmega/drivers/spi/spi.o
 .debug_macro   0x00000000       0x18 src/ASF/xmega/drivers/spi/spi.o
 .debug_macro   0x00000000       0x5e src/ASF/xmega/drivers/spi/spi.o
 .debug_macro   0x00000000       0x10 src/ASF/xmega/drivers/spi/spi.o
 .debug_macro   0x00000000       0x22 src/ASF/xmega/drivers/spi/spi.o
 .debug_macro   0x00000000      0x166 src/ASF/xmega/drivers/spi/spi.o
 .debug_macro   0x00000000       0x1c src/ASF/xmega/drivers/spi/spi.o
 .debug_macro   0x00000000       0x35 src/ASF/xmega/drivers/spi/spi.o
 .debug_macro   0x00000000       0x66 src/ASF/xmega/drivers/spi/spi.o
 .debug_macro   0x00000000      0x652 src/ASF/xmega/drivers/spi/spi.o
 .debug_macro   0x00000000       0x97 src/ASF/xmega/drivers/spi/spi.o
 .debug_macro   0x00000000       0x17 src/ASF/xmega/drivers/spi/spi.o
 .debug_macro   0x00000000      0x250 src/ASF/xmega/drivers/spi/spi.o
 .debug_macro   0x00000000       0x76 src/ASF/xmega/drivers/spi/spi.o
 .debug_macro   0x00000000       0x16 src/ASF/xmega/drivers/spi/spi.o
 .debug_macro   0x00000000      0x6e3 src/ASF/xmega/drivers/spi/spi.o
 .debug_macro   0x00000000       0x10 src/ASF/xmega/drivers/spi/spi.o
 .debug_macro   0x00000000      0x175 src/ASF/xmega/drivers/spi/spi.o
 .debug_macro   0x00000000       0x40 src/ASF/xmega/drivers/spi/spi.o
 .debug_macro   0x00000000       0x69 src/ASF/xmega/drivers/spi/spi.o
 .debug_macro   0x00000000       0x32 src/ASF/xmega/drivers/spi/spi.o
 .debug_macro   0x00000000       0xe4 src/ASF/xmega/drivers/spi/spi.o
 .debug_macro   0x00000000       0x9a src/ASF/xmega/drivers/spi/spi.o
 .debug_macro   0x00000000      0x109 src/ASF/xmega/drivers/spi/spi.o
 .group         0x00000000        0x8 src/ASF/common/services/ioport/xmega/ioport_compat.o
 .group         0x00000000        0x8 src/ASF/common/services/ioport/xmega/ioport_compat.o
 .group         0x00000000        0x8 src/ASF/common/services/ioport/xmega/ioport_compat.o
 .group         0x00000000        0x8 src/ASF/common/services/ioport/xmega/ioport_compat.o
 .group         0x00000000        0x8 src/ASF/common/services/ioport/xmega/ioport_compat.o
 .group         0x00000000        0x8 src/ASF/common/services/ioport/xmega/ioport_compat.o
 .group         0x00000000        0x8 src/ASF/common/services/ioport/xmega/ioport_compat.o
 .group         0x00000000        0x8 src/ASF/common/services/ioport/xmega/ioport_compat.o
 .group         0x00000000        0x8 src/ASF/common/services/ioport/xmega/ioport_compat.o
 .group         0x00000000        0x8 src/ASF/common/services/ioport/xmega/ioport_compat.o
 .group         0x00000000        0x8 src/ASF/common/services/ioport/xmega/ioport_compat.o
 .group         0x00000000        0x8 src/ASF/common/services/ioport/xmega/ioport_compat.o
 .group         0x00000000        0x8 src/ASF/common/services/ioport/xmega/ioport_compat.o
 .group         0x00000000        0x8 src/ASF/common/services/ioport/xmega/ioport_compat.o
 .group         0x00000000        0x8 src/ASF/common/services/ioport/xmega/ioport_compat.o
 .group         0x00000000        0x8 src/ASF/common/services/ioport/xmega/ioport_compat.o
 .group         0x00000000        0x8 src/ASF/common/services/ioport/xmega/ioport_compat.o
 .group         0x00000000        0x8 src/ASF/common/services/ioport/xmega/ioport_compat.o
 .group         0x00000000        0x8 src/ASF/common/services/ioport/xmega/ioport_compat.o
 .group         0x00000000        0x8 src/ASF/common/services/ioport/xmega/ioport_compat.o
 .group         0x00000000        0x8 src/ASF/common/services/ioport/xmega/ioport_compat.o
 .group         0x00000000        0x8 src/ASF/common/services/ioport/xmega/ioport_compat.o
 .group         0x00000000        0x8 src/ASF/common/services/ioport/xmega/ioport_compat.o
 .group         0x00000000        0x8 src/ASF/common/services/ioport/xmega/ioport_compat.o
 .group         0x00000000        0x8 src/ASF/common/services/ioport/xmega/ioport_compat.o
 .group         0x00000000        0x8 src/ASF/common/services/ioport/xmega/ioport_compat.o
 .group         0x00000000        0x8 src/ASF/common/services/ioport/xmega/ioport_compat.o
 .group         0x00000000        0x8 src/ASF/common/services/ioport/xmega/ioport_compat.o
 .group         0x00000000        0x8 src/ASF/common/services/ioport/xmega/ioport_compat.o
 .group         0x00000000        0x8 src/ASF/common/services/ioport/xmega/ioport_compat.o
 .group         0x00000000        0x8 src/ASF/common/services/ioport/xmega/ioport_compat.o
 .group         0x00000000        0x8 src/ASF/common/services/ioport/xmega/ioport_compat.o
 .group         0x00000000        0x8 src/ASF/common/services/ioport/xmega/ioport_compat.o
 .text          0x00000000        0x0 src/ASF/common/services/ioport/xmega/ioport_compat.o
 .data          0x00000000        0x0 src/ASF/common/services/ioport/xmega/ioport_compat.o
 .bss           0x00000000        0x0 src/ASF/common/services/ioport/xmega/ioport_compat.o
 .debug_macro   0x00000000      0xa96 src/ASF/common/services/ioport/xmega/ioport_compat.o
 .debug_macro   0x00000000      0x652 src/ASF/common/services/ioport/xmega/ioport_compat.o
 .debug_macro   0x00000000       0x10 src/ASF/common/services/ioport/xmega/ioport_compat.o
 .debug_macro   0x00000000      0x1c9 src/ASF/common/services/ioport/xmega/ioport_compat.o
 .debug_macro   0x00000000      0x2fc src/ASF/common/services/ioport/xmega/ioport_compat.o
 .debug_macro   0x00000000       0x9e src/ASF/common/services/ioport/xmega/ioport_compat.o
 .debug_macro   0x00000000     0x6ddf src/ASF/common/services/ioport/xmega/ioport_compat.o
 .debug_macro   0x00000000       0x9a src/ASF/common/services/ioport/xmega/ioport_compat.o
 .debug_macro   0x00000000       0xf1 src/ASF/common/services/ioport/xmega/ioport_compat.o
 .debug_macro   0x00000000       0x34 src/ASF/common/services/ioport/xmega/ioport_compat.o
 .debug_macro   0x00000000       0x10 src/ASF/common/services/ioport/xmega/ioport_compat.o
 .debug_macro   0x00000000       0x18 src/ASF/common/services/ioport/xmega/ioport_compat.o
 .debug_macro   0x00000000       0x5e src/ASF/common/services/ioport/xmega/ioport_compat.o
 .debug_macro   0x00000000       0x10 src/ASF/common/services/ioport/xmega/ioport_compat.o
 .debug_macro   0x00000000       0x22 src/ASF/common/services/ioport/xmega/ioport_compat.o
 .debug_macro   0x00000000      0x166 src/ASF/common/services/ioport/xmega/ioport_compat.o
 .debug_macro   0x00000000       0x1c src/ASF/common/services/ioport/xmega/ioport_compat.o
 .debug_macro   0x00000000       0x35 src/ASF/common/services/ioport/xmega/ioport_compat.o
 .debug_macro   0x00000000       0x66 src/ASF/common/services/ioport/xmega/ioport_compat.o
 .debug_macro   0x00000000       0x97 src/ASF/common/services/ioport/xmega/ioport_compat.o
 .debug_macro   0x00000000       0x17 src/ASF/common/services/ioport/xmega/ioport_compat.o
 .debug_macro   0x00000000      0x250 src/ASF/common/services/ioport/xmega/ioport_compat.o
 .debug_macro   0x00000000       0x76 src/ASF/common/services/ioport/xmega/ioport_compat.o
 .debug_macro   0x00000000       0x16 src/ASF/common/services/ioport/xmega/ioport_compat.o
 .debug_macro   0x00000000      0x6e3 src/ASF/common/services/ioport/xmega/ioport_compat.o
 .debug_macro   0x00000000       0x10 src/ASF/common/services/ioport/xmega/ioport_compat.o
 .debug_macro   0x00000000      0x175 src/ASF/common/services/ioport/xmega/ioport_compat.o
 .debug_macro   0x00000000       0x40 src/ASF/common/services/ioport/xmega/ioport_compat.o
 .debug_macro   0x00000000       0x69 src/ASF/common/services/ioport/xmega/ioport_compat.o
 .debug_macro   0x00000000       0x32 src/ASF/common/services/ioport/xmega/ioport_compat.o
 .debug_macro   0x00000000       0xe4 src/ASF/common/services/ioport/xmega/ioport_compat.o
 .debug_macro   0x00000000       0x9a src/ASF/common/services/ioport/xmega/ioport_compat.o
 .debug_macro   0x00000000      0x109 src/ASF/common/services/ioport/xmega/ioport_compat.o
 .group         0x00000000        0x8 src/ASF/xmega/boards/xmega_a1u_xplained_pro/board_init.o
 .group         0x00000000        0x8 src/ASF/xmega/boards/xmega_a1u_xplained_pro/board_init.o
 .group         0x00000000        0x8 src/ASF/xmega/boards/xmega_a1u_xplained_pro/board_init.o
 .group         0x00000000        0x8 src/ASF/xmega/boards/xmega_a1u_xplained_pro/board_init.o
 .group         0x00000000        0x8 src/ASF/xmega/boards/xmega_a1u_xplained_pro/board_init.o
 .group         0x00000000        0x8 src/ASF/xmega/boards/xmega_a1u_xplained_pro/board_init.o
 .group         0x00000000        0x8 src/ASF/xmega/boards/xmega_a1u_xplained_pro/board_init.o
 .group         0x00000000        0x8 src/ASF/xmega/boards/xmega_a1u_xplained_pro/board_init.o
 .group         0x00000000        0x8 src/ASF/xmega/boards/xmega_a1u_xplained_pro/board_init.o
 .group         0x00000000        0x8 src/ASF/xmega/boards/xmega_a1u_xplained_pro/board_init.o
 .group         0x00000000        0x8 src/ASF/xmega/boards/xmega_a1u_xplained_pro/board_init.o
 .group         0x00000000        0x8 src/ASF/xmega/boards/xmega_a1u_xplained_pro/board_init.o
 .group         0x00000000        0x8 src/ASF/xmega/boards/xmega_a1u_xplained_pro/board_init.o
 .group         0x00000000        0x8 src/ASF/xmega/boards/xmega_a1u_xplained_pro/board_init.o
 .group         0x00000000        0x8 src/ASF/xmega/boards/xmega_a1u_xplained_pro/board_init.o
 .group         0x00000000        0x8 src/ASF/xmega/boards/xmega_a1u_xplained_pro/board_init.o
 .group         0x00000000        0x8 src/ASF/xmega/boards/xmega_a1u_xplained_pro/board_init.o
 .group         0x00000000        0x8 src/ASF/xmega/boards/xmega_a1u_xplained_pro/board_init.o
 .group         0x00000000        0x8 src/ASF/xmega/boards/xmega_a1u_xplained_pro/board_init.o
 .group         0x00000000        0x8 src/ASF/xmega/boards/xmega_a1u_xplained_pro/board_init.o
 .group         0x00000000        0x8 src/ASF/xmega/boards/xmega_a1u_xplained_pro/board_init.o
 .group         0x00000000        0x8 src/ASF/xmega/boards/xmega_a1u_xplained_pro/board_init.o
 .group         0x00000000        0x8 src/ASF/xmega/boards/xmega_a1u_xplained_pro/board_init.o
 .group         0x00000000        0x8 src/ASF/xmega/boards/xmega_a1u_xplained_pro/board_init.o
 .group         0x00000000        0x8 src/ASF/xmega/boards/xmega_a1u_xplained_pro/board_init.o
 .group         0x00000000        0x8 src/ASF/xmega/boards/xmega_a1u_xplained_pro/board_init.o
 .group         0x00000000        0x8 src/ASF/xmega/boards/xmega_a1u_xplained_pro/board_init.o
 .group         0x00000000        0x8 src/ASF/xmega/boards/xmega_a1u_xplained_pro/board_init.o
 .group         0x00000000        0x8 src/ASF/xmega/boards/xmega_a1u_xplained_pro/board_init.o
 .group         0x00000000        0x8 src/ASF/xmega/boards/xmega_a1u_xplained_pro/board_init.o
 .group         0x00000000        0x8 src/ASF/xmega/boards/xmega_a1u_xplained_pro/board_init.o
 .group         0x00000000        0x8 src/ASF/xmega/boards/xmega_a1u_xplained_pro/board_init.o
 .group         0x00000000        0x8 src/ASF/xmega/boards/xmega_a1u_xplained_pro/board_init.o
 .group         0x00000000        0x8 src/ASF/xmega/boards/xmega_a1u_xplained_pro/board_init.o
 .group         0x00000000        0x8 src/ASF/xmega/boards/xmega_a1u_xplained_pro/board_init.o
 .text          0x00000000        0x0 src/ASF/xmega/boards/xmega_a1u_xplained_pro/board_init.o
 .data          0x00000000        0x0 src/ASF/xmega/boards/xmega_a1u_xplained_pro/board_init.o
 .bss           0x00000000        0x0 src/ASF/xmega/boards/xmega_a1u_xplained_pro/board_init.o
 .debug_macro   0x00000000      0xa96 src/ASF/xmega/boards/xmega_a1u_xplained_pro/board_init.o
 .debug_macro   0x00000000       0x10 src/ASF/xmega/boards/xmega_a1u_xplained_pro/board_init.o
 .debug_macro   0x00000000      0x1c9 src/ASF/xmega/boards/xmega_a1u_xplained_pro/board_init.o
 .debug_macro   0x00000000      0x2fc src/ASF/xmega/boards/xmega_a1u_xplained_pro/board_init.o
 .debug_macro   0x00000000       0x9e src/ASF/xmega/boards/xmega_a1u_xplained_pro/board_init.o
 .debug_macro   0x00000000     0x6ddf src/ASF/xmega/boards/xmega_a1u_xplained_pro/board_init.o
 .debug_macro   0x00000000       0x9a src/ASF/xmega/boards/xmega_a1u_xplained_pro/board_init.o
 .debug_macro   0x00000000       0xf1 src/ASF/xmega/boards/xmega_a1u_xplained_pro/board_init.o
 .debug_macro   0x00000000       0x34 src/ASF/xmega/boards/xmega_a1u_xplained_pro/board_init.o
 .debug_macro   0x00000000       0x10 src/ASF/xmega/boards/xmega_a1u_xplained_pro/board_init.o
 .debug_macro   0x00000000       0x18 src/ASF/xmega/boards/xmega_a1u_xplained_pro/board_init.o
 .debug_macro   0x00000000       0x5e src/ASF/xmega/boards/xmega_a1u_xplained_pro/board_init.o
 .debug_macro   0x00000000       0x10 src/ASF/xmega/boards/xmega_a1u_xplained_pro/board_init.o
 .debug_macro   0x00000000       0x22 src/ASF/xmega/boards/xmega_a1u_xplained_pro/board_init.o
 .debug_macro   0x00000000      0x166 src/ASF/xmega/boards/xmega_a1u_xplained_pro/board_init.o
 .debug_macro   0x00000000       0x1c src/ASF/xmega/boards/xmega_a1u_xplained_pro/board_init.o
 .debug_macro   0x00000000       0x35 src/ASF/xmega/boards/xmega_a1u_xplained_pro/board_init.o
 .debug_macro   0x00000000       0x66 src/ASF/xmega/boards/xmega_a1u_xplained_pro/board_init.o
 .debug_macro   0x00000000      0x652 src/ASF/xmega/boards/xmega_a1u_xplained_pro/board_init.o
 .debug_macro   0x00000000       0x97 src/ASF/xmega/boards/xmega_a1u_xplained_pro/board_init.o
 .debug_macro   0x00000000       0x17 src/ASF/xmega/boards/xmega_a1u_xplained_pro/board_init.o
 .debug_macro   0x00000000      0x250 src/ASF/xmega/boards/xmega_a1u_xplained_pro/board_init.o
 .debug_macro   0x00000000       0x76 src/ASF/xmega/boards/xmega_a1u_xplained_pro/board_init.o
 .debug_macro   0x00000000       0x16 src/ASF/xmega/boards/xmega_a1u_xplained_pro/board_init.o
 .debug_macro   0x00000000      0x6e3 src/ASF/xmega/boards/xmega_a1u_xplained_pro/board_init.o
 .debug_macro   0x00000000       0x10 src/ASF/xmega/boards/xmega_a1u_xplained_pro/board_init.o
 .debug_macro   0x00000000      0x175 src/ASF/xmega/boards/xmega_a1u_xplained_pro/board_init.o
 .debug_macro   0x00000000       0x40 src/ASF/xmega/boards/xmega_a1u_xplained_pro/board_init.o
 .debug_macro   0x00000000       0x69 src/ASF/xmega/boards/xmega_a1u_xplained_pro/board_init.o
 .debug_macro   0x00000000       0x32 src/ASF/xmega/boards/xmega_a1u_xplained_pro/board_init.o
 .debug_macro   0x00000000       0xe4 src/ASF/xmega/boards/xmega_a1u_xplained_pro/board_init.o
 .debug_macro   0x00000000      0x530 src/ASF/xmega/boards/xmega_a1u_xplained_pro/board_init.o
 .debug_macro   0x00000000       0x9a src/ASF/xmega/boards/xmega_a1u_xplained_pro/board_init.o
 .debug_macro   0x00000000      0x109 src/ASF/xmega/boards/xmega_a1u_xplained_pro/board_init.o
 .group         0x00000000        0x8 src/main.o
 .group         0x00000000        0x8 src/main.o
 .group         0x00000000        0x8 src/main.o
 .group         0x00000000        0x8 src/main.o
 .group         0x00000000        0x8 src/main.o
 .group         0x00000000        0x8 src/main.o
 .group         0x00000000        0x8 src/main.o
 .group         0x00000000        0x8 src/main.o
 .group         0x00000000        0x8 src/main.o
 .group         0x00000000        0x8 src/main.o
 .group         0x00000000        0x8 src/main.o
 .group         0x00000000        0x8 src/main.o
 .group         0x00000000        0x8 src/main.o
 .group         0x00000000        0x8 src/main.o
 .group         0x00000000        0x8 src/main.o
 .group         0x00000000        0x8 src/main.o
 .group         0x00000000        0x8 src/main.o
 .group         0x00000000        0x8 src/main.o
 .group         0x00000000        0x8 src/main.o
 .group         0x00000000        0x8 src/main.o
 .group         0x00000000        0x8 src/main.o
 .group         0x00000000        0x8 src/main.o
 .group         0x00000000        0x8 src/main.o
 .group         0x00000000        0x8 src/main.o
 .group         0x00000000        0x8 src/main.o
 .group         0x00000000        0x8 src/main.o
 .group         0x00000000        0x8 src/main.o
 .group         0x00000000        0x8 src/main.o
 .group         0x00000000        0x8 src/main.o
 .group         0x00000000        0x8 src/main.o
 .group         0x00000000        0x8 src/main.o
 .group         0x00000000        0x8 src/main.o
 .group         0x00000000        0x8 src/main.o
 .group         0x00000000        0x8 src/main.o
 .group         0x00000000        0x8 src/main.o
 .group         0x00000000        0x8 src/main.o
 .group         0x00000000        0x8 src/main.o
 .group         0x00000000        0x8 src/main.o
 .group         0x00000000        0x8 src/main.o
 .group         0x00000000        0x8 src/main.o
 .group         0x00000000        0x8 src/main.o
 .group         0x00000000        0x8 src/main.o
 .text          0x00000000        0x0 src/main.o
 .data          0x00000000        0x0 src/main.o
 .bss           0x00000000        0x0 src/main.o
 .debug_macro   0x00000000      0xa96 src/main.o
 .debug_macro   0x00000000       0x10 src/main.o
 .debug_macro   0x00000000      0x1c9 src/main.o
 .debug_macro   0x00000000      0x2fc src/main.o
 .debug_macro   0x00000000       0x9e src/main.o
 .debug_macro   0x00000000     0x6ddf src/main.o
 .debug_macro   0x00000000       0x9a src/main.o
 .debug_macro   0x00000000       0xf1 src/main.o
 .debug_macro   0x00000000       0x34 src/main.o
 .debug_macro   0x00000000       0x10 src/main.o
 .debug_macro   0x00000000       0x18 src/main.o
 .debug_macro   0x00000000       0x5e src/main.o
 .debug_macro   0x00000000       0x10 src/main.o
 .debug_macro   0x00000000       0x22 src/main.o
 .debug_macro   0x00000000      0x166 src/main.o
 .debug_macro   0x00000000       0x1c src/main.o
 .debug_macro   0x00000000       0x35 src/main.o
 .debug_macro   0x00000000       0x66 src/main.o
 .debug_macro   0x00000000      0x652 src/main.o
 .debug_macro   0x00000000       0x97 src/main.o
 .debug_macro   0x00000000       0x17 src/main.o
 .debug_macro   0x00000000      0x250 src/main.o
 .debug_macro   0x00000000       0x76 src/main.o
 .debug_macro   0x00000000       0x16 src/main.o
 .debug_macro   0x00000000      0x6e3 src/main.o
 .debug_macro   0x00000000       0x10 src/main.o
 .debug_macro   0x00000000      0x175 src/main.o
 .debug_macro   0x00000000       0x40 src/main.o
 .debug_macro   0x00000000       0x69 src/main.o
 .debug_macro   0x00000000       0x32 src/main.o
 .debug_macro   0x00000000       0xe4 src/main.o
 .debug_macro   0x00000000      0x2bf src/main.o
 .debug_macro   0x00000000      0x530 src/main.o
 .debug_macro   0x00000000       0x9a src/main.o
 .debug_macro   0x00000000      0x109 src/main.o
 .debug_macro   0x00000000       0x26 src/main.o
 .debug_macro   0x00000000       0x2e src/main.o
 .debug_macro   0x00000000       0x22 src/main.o
 .debug_macro   0x00000000       0x7d src/main.o
 .debug_macro   0x00000000       0x2f src/main.o
 .debug_macro   0x00000000      0x154 src/main.o
 .text          0x00000000        0x0 c:/program files (x86)/atmel/studio/7.0/toolchain/avr8/avr8-gnu-toolchain/bin/../lib/gcc/avr/4.9.2/avrxmega7\libgcc.a(_udivmodsi4.o)
 .data          0x00000000        0x0 c:/program files (x86)/atmel/studio/7.0/toolchain/avr8/avr8-gnu-toolchain/bin/../lib/gcc/avr/4.9.2/avrxmega7\libgcc.a(_udivmodsi4.o)
 .bss           0x00000000        0x0 c:/program files (x86)/atmel/studio/7.0/toolchain/avr8/avr8-gnu-toolchain/bin/../lib/gcc/avr/4.9.2/avrxmega7\libgcc.a(_udivmodsi4.o)
 .text.libgcc.mul
                0x00000000        0x0 c:/program files (x86)/atmel/studio/7.0/toolchain/avr8/avr8-gnu-toolchain/bin/../lib/gcc/avr/4.9.2/avrxmega7\libgcc.a(_udivmodsi4.o)
 .text.libgcc   0x00000000        0x0 c:/program files (x86)/atmel/studio/7.0/toolchain/avr8/avr8-gnu-toolchain/bin/../lib/gcc/avr/4.9.2/avrxmega7\libgcc.a(_udivmodsi4.o)
 .text.libgcc.prologue
                0x00000000        0x0 c:/program files (x86)/atmel/studio/7.0/toolchain/avr8/avr8-gnu-toolchain/bin/../lib/gcc/avr/4.9.2/avrxmega7\libgcc.a(_udivmodsi4.o)
 .text.libgcc.builtins
                0x00000000        0x0 c:/program files (x86)/atmel/studio/7.0/toolchain/avr8/avr8-gnu-toolchain/bin/../lib/gcc/avr/4.9.2/avrxmega7\libgcc.a(_udivmodsi4.o)
 .text.libgcc.fmul
                0x00000000        0x0 c:/program files (x86)/atmel/studio/7.0/toolchain/avr8/avr8-gnu-toolchain/bin/../lib/gcc/avr/4.9.2/avrxmega7\libgcc.a(_udivmodsi4.o)
 .text.libgcc.fixed
                0x00000000        0x0 c:/program files (x86)/atmel/studio/7.0/toolchain/avr8/avr8-gnu-toolchain/bin/../lib/gcc/avr/4.9.2/avrxmega7\libgcc.a(_udivmodsi4.o)
 .text          0x00000000        0x0 c:/program files (x86)/atmel/studio/7.0/toolchain/avr8/avr8-gnu-toolchain/bin/../lib/gcc/avr/4.9.2/avrxmega7\libgcc.a(_exit.o)
 .data          0x00000000        0x0 c:/program files (x86)/atmel/studio/7.0/toolchain/avr8/avr8-gnu-toolchain/bin/../lib/gcc/avr/4.9.2/avrxmega7\libgcc.a(_exit.o)
 .bss           0x00000000        0x0 c:/program files (x86)/atmel/studio/7.0/toolchain/avr8/avr8-gnu-toolchain/bin/../lib/gcc/avr/4.9.2/avrxmega7\libgcc.a(_exit.o)
 .text.libgcc.mul
                0x00000000        0x0 c:/program files (x86)/atmel/studio/7.0/toolchain/avr8/avr8-gnu-toolchain/bin/../lib/gcc/avr/4.9.2/avrxmega7\libgcc.a(_exit.o)
 .text.libgcc.div
                0x00000000        0x0 c:/program files (x86)/atmel/studio/7.0/toolchain/avr8/avr8-gnu-toolchain/bin/../lib/gcc/avr/4.9.2/avrxmega7\libgcc.a(_exit.o)
 .text.libgcc   0x00000000        0x0 c:/program files (x86)/atmel/studio/7.0/toolchain/avr8/avr8-gnu-toolchain/bin/../lib/gcc/avr/4.9.2/avrxmega7\libgcc.a(_exit.o)
 .text.libgcc.prologue
                0x00000000        0x0 c:/program files (x86)/atmel/studio/7.0/toolchain/avr8/avr8-gnu-toolchain/bin/../lib/gcc/avr/4.9.2/avrxmega7\libgcc.a(_exit.o)
 .text.libgcc.builtins
                0x00000000        0x0 c:/program files (x86)/atmel/studio/7.0/toolchain/avr8/avr8-gnu-toolchain/bin/../lib/gcc/avr/4.9.2/avrxmega7\libgcc.a(_exit.o)
 .text.libgcc.fmul
                0x00000000        0x0 c:/program files (x86)/atmel/studio/7.0/toolchain/avr8/avr8-gnu-toolchain/bin/../lib/gcc/avr/4.9.2/avrxmega7\libgcc.a(_exit.o)
 .text.libgcc.fixed
                0x00000000        0x0 c:/program files (x86)/atmel/studio/7.0/toolchain/avr8/avr8-gnu-toolchain/bin/../lib/gcc/avr/4.9.2/avrxmega7\libgcc.a(_exit.o)
 .text          0x00000000        0x0 c:/program files (x86)/atmel/studio/7.0/toolchain/avr8/avr8-gnu-toolchain/bin/../lib/gcc/avr/4.9.2/avrxmega7\libgcc.a(_copy_data.o)
 .data          0x00000000        0x0 c:/program files (x86)/atmel/studio/7.0/toolchain/avr8/avr8-gnu-toolchain/bin/../lib/gcc/avr/4.9.2/avrxmega7\libgcc.a(_copy_data.o)
 .bss           0x00000000        0x0 c:/program files (x86)/atmel/studio/7.0/toolchain/avr8/avr8-gnu-toolchain/bin/../lib/gcc/avr/4.9.2/avrxmega7\libgcc.a(_copy_data.o)
 .text.libgcc.mul
                0x00000000        0x0 c:/program files (x86)/atmel/studio/7.0/toolchain/avr8/avr8-gnu-toolchain/bin/../lib/gcc/avr/4.9.2/avrxmega7\libgcc.a(_copy_data.o)
 .text.libgcc.div
                0x00000000        0x0 c:/program files (x86)/atmel/studio/7.0/toolchain/avr8/avr8-gnu-toolchain/bin/../lib/gcc/avr/4.9.2/avrxmega7\libgcc.a(_copy_data.o)
 .text.libgcc   0x00000000        0x0 c:/program files (x86)/atmel/studio/7.0/toolchain/avr8/avr8-gnu-toolchain/bin/../lib/gcc/avr/4.9.2/avrxmega7\libgcc.a(_copy_data.o)
 .text.libgcc.prologue
                0x00000000        0x0 c:/program files (x86)/atmel/studio/7.0/toolchain/avr8/avr8-gnu-toolchain/bin/../lib/gcc/avr/4.9.2/avrxmega7\libgcc.a(_copy_data.o)
 .text.libgcc.builtins
                0x00000000        0x0 c:/program files (x86)/atmel/studio/7.0/toolchain/avr8/avr8-gnu-toolchain/bin/../lib/gcc/avr/4.9.2/avrxmega7\libgcc.a(_copy_data.o)
 .text.libgcc.fmul
                0x00000000        0x0 c:/program files (x86)/atmel/studio/7.0/toolchain/avr8/avr8-gnu-toolchain/bin/../lib/gcc/avr/4.9.2/avrxmega7\libgcc.a(_copy_data.o)
 .text.libgcc.fixed
                0x00000000        0x0 c:/program files (x86)/atmel/studio/7.0/toolchain/avr8/avr8-gnu-toolchain/bin/../lib/gcc/avr/4.9.2/avrxmega7\libgcc.a(_copy_data.o)
 .text          0x00000000        0x0 c:/program files (x86)/atmel/studio/7.0/toolchain/avr8/avr8-gnu-toolchain/bin/../lib/gcc/avr/4.9.2/../../../../avr/lib/avrxmega7\libc.a(memcpy.o)
 .data          0x00000000        0x0 c:/program files (x86)/atmel/studio/7.0/toolchain/avr8/avr8-gnu-toolchain/bin/../lib/gcc/avr/4.9.2/../../../../avr/lib/avrxmega7\libc.a(memcpy.o)
 .bss           0x00000000        0x0 c:/program files (x86)/atmel/studio/7.0/toolchain/avr8/avr8-gnu-toolchain/bin/../lib/gcc/avr/4.9.2/../../../../avr/lib/avrxmega7\libc.a(memcpy.o)
 .text.avr-libc
                0x00000000       0x12 c:/program files (x86)/atmel/studio/7.0/toolchain/avr8/avr8-gnu-toolchain/bin/../lib/gcc/avr/4.9.2/../../../../avr/lib/avrxmega7\libc.a(memcpy.o)

Memory Configuration

Name             Origin             Length             Attributes
text             0x00000000         0x00100000         xr
data             0x00802000         0x0000ffa0         rw !x
eeprom           0x00810000         0x00010000         rw !x
fuse             0x00820000         0x00000006         rw !x
lock             0x00830000         0x00000400         rw !x
signature        0x00840000         0x00000400         rw !x
user_signatures  0x00850000         0x00000400         rw !x
*default*        0x00000000         0xffffffff

Linker script and memory map

LOAD C:/Program Files (x86)/Atmel/Studio/7.0/Packs/atmel/XMEGAA_DFP/1.1.63/gcc/dev/atxmega128a1u/avrxmega7/crtatxmega128a1u.o
LOAD src/ASF/common/services/spi/xmega_spi/spi_master.o
LOAD src/ASF/common/services/clock/xmega/sysclk.o
LOAD src/ASF/xmega/drivers/nvm/nvm.o
LOAD src/ASF/xmega/drivers/nvm/nvm_asm.o
LOAD src/ASF/xmega/drivers/cpu/ccp.o
LOAD src/ASF/xmega/drivers/spi/spi.o
LOAD src/ASF/common/services/ioport/xmega/ioport_compat.o
LOAD src/ASF/xmega/boards/xmega_a1u_xplained_pro/board_init.o
LOAD src/main.o
START GROUP
LOAD c:/program files (x86)/atmel/studio/7.0/toolchain/avr8/avr8-gnu-toolchain/bin/../lib/gcc/avr/4.9.2/../../../../avr/lib/avrxmega7\libm.a
END GROUP
Address of section .BOOT set to 0x20000
START GROUP
LOAD c:/program files (x86)/atmel/studio/7.0/toolchain/avr8/avr8-gnu-toolchain/bin/../lib/gcc/avr/4.9.2/avrxmega7\libgcc.a
LOAD c:/program files (x86)/atmel/studio/7.0/toolchain/avr8/avr8-gnu-toolchain/bin/../lib/gcc/avr/4.9.2/../../../../avr/lib/avrxmega7\libm.a
LOAD c:/program files (x86)/atmel/studio/7.0/toolchain/avr8/avr8-gnu-toolchain/bin/../lib/gcc/avr/4.9.2/../../../../avr/lib/avrxmega7\libc.a
LOAD C:/Program Files (x86)/Atmel/Studio/7.0/Packs/atmel/XMEGAA_DFP/1.1.63/gcc/dev/atxmega128a1u/avrxmega7\libatxmega128a1u.a
END GROUP
                0x00100000                __TEXT_REGION_LENGTH__ = DEFINED (__TEXT_REGION_LENGTH__)?__TEXT_REGION_LENGTH__:0x100000
                0x0000ffa0                __DATA_REGION_LENGTH__ = DEFINED (__DATA_REGION_LENGTH__)?__DATA_REGION_LENGTH__:0xffa0
                0x00010000                __EEPROM_REGION_LENGTH__ = DEFINED (__EEPROM_REGION_LENGTH__)?__EEPROM_REGION_LENGTH__:0x10000
                [0x00000006]                __FUSE_REGION_LENGTH__ = DEFINED (__FUSE_REGION_LENGTH__)?__FUSE_REGION_LENGTH__:0x400
                0x00000400                __LOCK_REGION_LENGTH__ = DEFINED (__LOCK_REGION_LENGTH__)?__LOCK_REGION_LENGTH__:0x400
                0x00000400                __SIGNATURE_REGION_LENGTH__ = DEFINED (__SIGNATURE_REGION_LENGTH__)?__SIGNATURE_REGION_LENGTH__:0x400
                0x00000400                __USER_SIGNATURE_REGION_LENGTH__ = DEFINED (__USER_SIGNATURE_REGION_LENGTH__)?__USER_SIGNATURE_REGION_LENGTH__:0x400

.hash
 *(.hash)

.dynsym
 *(.dynsym)

.dynstr
 *(.dynstr)

.gnu.version
 *(.gnu.version)

.gnu.version_d
 *(.gnu.version_d)

.gnu.version_r
 *(.gnu.version_r)

.rel.init
 *(.rel.init)

.rela.init
 *(.rela.init)

.rel.text
 *(.rel.text)
 *(.rel.text.*)
 *(.rel.gnu.linkonce.t*)

.rela.text
 *(.rela.text)
 *(.rela.text.*)
 *(.rela.gnu.linkonce.t*)

.rel.fini
 *(.rel.fini)

.rela.fini
 *(.rela.fini)

.rel.rodata
 *(.rel.rodata)
 *(.rel.rodata.*)
 *(.rel.gnu.linkonce.r*)

.rela.rodata
 *(.rela.rodata)
 *(.rela.rodata.*)
 *(.rela.gnu.linkonce.r*)

.rel.data
 *(.rel.data)
 *(.rel.data.*)
 *(.rel.gnu.linkonce.d*)

.rela.data
 *(.rela.data)
 *(.rela.data.*)
 *(.rela.gnu.linkonce.d*)

.rel.ctors
 *(.rel.ctors)

.rela.ctors
 *(.rela.ctors)

.rel.dtors
 *(.rel.dtors)

.rela.dtors
 *(.rela.dtors)

.rel.got
 *(.rel.got)

.rela.got
 *(.rela.got)

.rel.bss
 *(.rel.bss)

.rela.bss
 *(.rela.bss)

.rel.plt
 *(.rel.plt)

.rela.plt
 *(.rela.plt)

.text           0x00000000      0x678
 *(.vectors)
 .vectors       0x00000000      0x1fc C:/Program Files (x86)/Atmel/Studio/7.0/Packs/atmel/XMEGAA_DFP/1.1.63/gcc/dev/atxmega128a1u/avrxmega7/crtatxmega128a1u.o
                0x00000000                __vector_default
                0x00000000                __vectors
 *(.vectors)
 *(.progmem.gcc*)
                0x000001fc                . = ALIGN (0x2)
                0x000001fc                __trampolines_start = .
 *(.trampolines)
 .trampolines   0x000001fc        0x0 linker stubs
 *(.trampolines*)
                0x000001fc                __trampolines_end = .
 *libprintf_flt.a:*(.progmem.data)
 *libc.a:*(.progmem.data)
 *(.progmem*)
                0x000001fc                . = ALIGN (0x2)
 *(.jumptables)
 *(.jumptables*)
 *(.lowtext)
 *(.lowtext*)
                0x000001fc                __ctors_start = .
 *(.ctors)
                0x000001fc                __ctors_end = .
                0x000001fc                __dtors_start = .
 *(.dtors)
                0x000001fc                __dtors_end = .
 SORT(*)(.ctors)
 SORT(*)(.dtors)
 *(.init0)
 .init0         0x000001fc        0x0 C:/Program Files (x86)/Atmel/Studio/7.0/Packs/atmel/XMEGAA_DFP/1.1.63/gcc/dev/atxmega128a1u/avrxmega7/crtatxmega128a1u.o
                0x000001fc                __init
 *(.init0)
 *(.init1)
 *(.init1)
 *(.init2)
 .init2         0x000001fc       0x18 C:/Program Files (x86)/Atmel/Studio/7.0/Packs/atmel/XMEGAA_DFP/1.1.63/gcc/dev/atxmega128a1u/avrxmega7/crtatxmega128a1u.o
 *(.init2)
 *(.init3)
 *(.init3)
 *(.init4)
 .init4         0x00000214       0x1c c:/program files (x86)/atmel/studio/7.0/toolchain/avr8/avr8-gnu-toolchain/bin/../lib/gcc/avr/4.9.2/avrxmega7\libgcc.a(_copy_data.o)
                0x00000214                __do_copy_data
 *(.init4)
 *(.init5)
 *(.init5)
 *(.init6)
 *(.init6)
 *(.init7)
 *(.init7)
 *(.init8)
 *(.init8)
 *(.init9)
 .init9         0x00000230        0x4 C:/Program Files (x86)/Atmel/Studio/7.0/Packs/atmel/XMEGAA_DFP/1.1.63/gcc/dev/atxmega128a1u/avrxmega7/crtatxmega128a1u.o
 *(.init9)
 *(.text)
 .text          0x00000234        0x2 C:/Program Files (x86)/Atmel/Studio/7.0/Packs/atmel/XMEGAA_DFP/1.1.63/gcc/dev/atxmega128a1u/avrxmega7/crtatxmega128a1u.o
                0x00000234                __vector_38
                0x00000234                __vector_104
                0x00000234                __vector_22
                0x00000234                __vector_63
                0x00000234                __vector_28
                0x00000234                __vector_67
                0x00000234                __vector_1
                0x00000234                __vector_119
                0x00000234                __vector_32
                0x00000234                __vector_75
                0x00000234                __vector_71
                0x00000234                __vector_91
                0x00000234                __vector_34
                0x00000234                __vector_62
                0x00000234                __vector_77
                0x00000234                __vector_102
                0x00000234                __vector_24
                0x00000234                __vector_12
                0x00000234                __vector_55
                0x00000234                __vector_69
                0x00000234                __vector_81
                0x00000234                __vector_90
                0x00000234                __vector_46
                0x00000234                __bad_interrupt
                0x00000234                __vector_122
                0x00000234                __vector_72
                0x00000234                __vector_114
                0x00000234                __vector_6
                0x00000234                __vector_110
                0x00000234                __vector_31
                0x00000234                __vector_92
                0x00000234                __vector_35
                0x00000234                __vector_78
                0x00000234                __vector_74
                0x00000234                __vector_117
                0x00000234                __vector_39
                0x00000234                __vector_107
                0x00000234                __vector_3
                0x00000234                __vector_105
                0x00000234                __vector_98
                0x00000234                __vector_23
                0x00000234                __vector_68
                0x00000234                __vector_30
                0x00000234                __vector_73
                0x00000234                __vector_45
                0x00000234                __vector_25
                0x00000234                __vector_93
                0x00000234                __vector_61
                0x00000234                __vector_11
                0x00000234                __vector_54
                0x00000234                __vector_99
                0x00000234                __vector_13
                0x00000234                __vector_17
                0x00000234                __vector_19
                0x00000234                __vector_56
                0x00000234                __vector_7
                0x00000234                __vector_125
                0x00000234                __vector_49
                0x00000234                __vector_123
                0x00000234                __vector_41
                0x00000234                __vector_86
                0x00000234                __vector_100
                0x00000234                __vector_101
                0x00000234                __vector_64
                0x00000234                __vector_88
                0x00000234                __vector_109
                0x00000234                __vector_43
                0x00000234                __vector_27
                0x00000234                __vector_5
                0x00000234                __vector_113
                0x00000234                __vector_33
                0x00000234                __vector_76
                0x00000234                __vector_115
                0x00000234                __vector_47
                0x00000234                __vector_52
                0x00000234                __vector_37
                0x00000234                __vector_95
                0x00000234                __vector_103
                0x00000234                __vector_96
                0x00000234                __vector_89
                0x00000234                __vector_108
                0x00000234                __vector_4
                0x00000234                __vector_44
                0x00000234                __vector_82
                0x00000234                __vector_106
                0x00000234                __vector_118
                0x00000234                __vector_51
                0x00000234                __vector_9
                0x00000234                __vector_2
                0x00000234                __vector_21
                0x00000234                __vector_15
                0x00000234                __vector_66
                0x00000234                __vector_36
                0x00000234                __vector_79
                0x00000234                __vector_58
                0x00000234                __vector_70
                0x00000234                __vector_83
                0x00000234                __vector_29
                0x00000234                __vector_60
                0x00000234                __vector_121
                0x00000234                __vector_40
                0x00000234                __vector_85
                0x00000234                __vector_94
                0x00000234                __vector_126
                0x00000234                __vector_8
                0x00000234                __vector_26
                0x00000234                __vector_48
                0x00000234                __vector_124
                0x00000234                __vector_116
                0x00000234                __vector_112
                0x00000234                __vector_111
                0x00000234                __vector_80
                0x00000234                __vector_14
                0x00000234                __vector_84
                0x00000234                __vector_57
                0x00000234                __vector_53
                0x00000234                __vector_10
                0x00000234                __vector_50
                0x00000234                __vector_16
                0x00000234                __vector_59
                0x00000234                __vector_18
                0x00000234                __vector_97
                0x00000234                __vector_20
                0x00000234                __vector_42
                0x00000234                __vector_87
                0x00000234                __vector_65
                0x00000234                __vector_120
                0x00000236                . = ALIGN (0x2)
 *(.text.*)
 .text.spi_master_init
                0x00000236       0x58 src/ASF/common/services/spi/xmega_spi/spi_master.o
                0x00000236                spi_master_init
 .text.spi_master_setup_device
                0x0000028e       0x3c src/ASF/common/services/spi/xmega_spi/spi_master.o
                0x0000028e                spi_master_setup_device
 .text.spi_read_packet
                0x000002ca       0x26 src/ASF/common/services/spi/xmega_spi/spi_master.o
                0x000002ca                spi_read_packet
 .text.spi_select_device
                0x000002f0       0x2c src/ASF/common/services/spi/xmega_spi/spi_master.o
                0x000002f0                spi_select_device
 .text.spi_deselect_device
                0x0000031c       0x2c src/ASF/common/services/spi/xmega_spi/spi_master.o
                0x0000031c                spi_deselect_device
 .text.sysclk_enable_module
                0x00000348       0x2c src/ASF/common/services/clock/xmega/sysclk.o
                0x00000348                sysclk_enable_module
 .text.spi_xmega_set_baud_div
                0x00000374       0x8e src/ASF/xmega/drivers/spi/spi.o
                0x00000374                spi_xmega_set_baud_div
 .text.ioport_configure_port_pin
                0x00000402       0x50 src/ASF/common/services/ioport/xmega/ioport_compat.o
                0x00000402                ioport_configure_port_pin
 .text.board_init
                0x00000452       0x1a src/ASF/xmega/boards/xmega_a1u_xplained_pro/board_init.o
                0x00000452                board_init
 .text.spi_init_pins
                0x0000046c       0x62 src/main.o
                0x0000046c                spi_init_pins
 .text.spi_init_module
                0x000004ce       0x94 src/main.o
                0x000004ce                spi_init_module
 .text.main     0x00000562       0xce src/main.o
                0x00000562                main
 .text.libgcc.div
                0x00000630       0x44 c:/program files (x86)/atmel/studio/7.0/toolchain/avr8/avr8-gnu-toolchain/bin/../lib/gcc/avr/4.9.2/avrxmega7\libgcc.a(_udivmodsi4.o)
                0x00000630                __udivmodsi4
                0x00000674                . = ALIGN (0x2)
 *(.fini9)
 .fini9         0x00000674        0x0 c:/program files (x86)/atmel/studio/7.0/toolchain/avr8/avr8-gnu-toolchain/bin/../lib/gcc/avr/4.9.2/avrxmega7\libgcc.a(_exit.o)
                0x00000674                _exit
                0x00000674                exit
 *(.fini9)
 *(.fini8)
 *(.fini8)
 *(.fini7)
 *(.fini7)
 *(.fini6)
 *(.fini6)
 *(.fini5)
 *(.fini5)
 *(.fini4)
 *(.fini4)
 *(.fini3)
 *(.fini3)
 *(.fini2)
 *(.fini2)
 *(.fini1)
 *(.fini1)
 *(.fini0)
 .fini0         0x00000674        0x4 c:/program files (x86)/atmel/studio/7.0/toolchain/avr8/avr8-gnu-toolchain/bin/../lib/gcc/avr/4.9.2/avrxmega7\libgcc.a(_exit.o)
 *(.fini0)
                0x00000678                _etext = .

.data           0x00802000        0x6 load address 0x00000678
                0x00802000                PROVIDE (__data_start, .)
 *(.data)
 *(.data*)
 .data.spi_pr0  0x00802000        0x1 src/main.o
                0x00802000                spi_pr0
 .data.spi_pf3  0x00802001        0x1 src/main.o
                0x00802001                spi_pf3
 .data.spi_pf2  0x00802002        0x1 src/main.o
                0x00802002                spi_pf2
 .data.spi_pf1  0x00802003        0x1 src/main.o
                0x00802003                spi_pf1
 .data.spi_pf0  0x00802004        0x1 src/main.o
                0x00802004                spi_pf0
 *(.rodata)
 *(.rodata*)
 *(.gnu.linkonce.d*)
                0x00802006                . = ALIGN (0x2)
 *fill*         0x00802005        0x1 
                0x00802006                _edata = .
                0x00802006                PROVIDE (__data_end, .)

.bss            0x00802006        0x0
                [!provide]                PROVIDE (__bss_start, .)
 *(.bss)
 *(.bss*)
 *(COMMON)
                [!provide]                PROVIDE (__bss_end, .)
                0x00000678                __data_load_start = LOADADDR (.data)
                0x0000067e                __data_load_end = (__data_load_start + SIZEOF (.data))

.noinit         0x00802006        0x0
                [!provide]                PROVIDE (__noinit_start, .)
 *(.noinit*)
                [!provide]                PROVIDE (__noinit_end, .)
                0x00802006                _end = .
                [!provide]                PROVIDE (__heap_start, .)

.eeprom         0x00810000        0x0
 *(.eeprom*)
                0x00810000                __eeprom_end = .

.fuse
 *(.fuse)
 *(.lfuse)
 *(.hfuse)
 *(.efuse)

.lock
 *(.lock*)

.signature
 *(.signature*)

.user_signatures
 *(.user_signatures*)

.stab
 *(.stab)

.stabstr
 *(.stabstr)

.stab.excl
 *(.stab.excl)

.stab.exclstr
 *(.stab.exclstr)

.stab.index
 *(.stab.index)

.stab.indexstr
 *(.stab.indexstr)

.comment        0x00000000       0x30
 *(.comment)
 .comment       0x00000000       0x30 src/ASF/common/services/spi/xmega_spi/spi_master.o
                                 0x31 (size before relaxing)
 .comment       0x00000030       0x31 src/ASF/common/services/clock/xmega/sysclk.o
 .comment       0x00000030       0x31 src/ASF/xmega/drivers/spi/spi.o
 .comment       0x00000030       0x31 src/ASF/common/services/ioport/xmega/ioport_compat.o
 .comment       0x00000030       0x31 src/ASF/xmega/boards/xmega_a1u_xplained_pro/board_init.o
 .comment       0x00000030       0x31 src/main.o

.note.gnu.avr.deviceinfo
                0x00000000       0x40
 .note.gnu.avr.deviceinfo
                0x00000000       0x40 C:/Program Files (x86)/Atmel/Studio/7.0/Packs/atmel/XMEGAA_DFP/1.1.63/gcc/dev/atxmega128a1u/avrxmega7/crtatxmega128a1u.o

.note.gnu.build-id
 *(.note.gnu.build-id)

.debug
 *(.debug)

.line
 *(.line)

.debug_srcinfo
 *(.debug_srcinfo)

.debug_sfnames
 *(.debug_sfnames)

.debug_aranges  0x00000000      0x118
 *(.debug_aranges)
 .debug_aranges
                0x00000000       0x48 src/ASF/common/services/spi/xmega_spi/spi_master.o
 .debug_aranges
                0x00000048       0x40 src/ASF/common/services/clock/xmega/sysclk.o
 .debug_aranges
                0x00000088       0x20 src/ASF/xmega/drivers/spi/spi.o
 .debug_aranges
                0x000000a8       0x20 src/ASF/common/services/ioport/xmega/ioport_compat.o
 .debug_aranges
                0x000000c8       0x20 src/ASF/xmega/boards/xmega_a1u_xplained_pro/board_init.o
 .debug_aranges
                0x000000e8       0x30 src/main.o

.debug_pubnames
 *(.debug_pubnames)

.debug_info     0x00000000     0x62c1
 *(.debug_info .gnu.linkonce.wi.*)
 .debug_info    0x00000000     0x3e5a C:/Program Files (x86)/Atmel/Studio/7.0/Packs/atmel/XMEGAA_DFP/1.1.63/gcc/dev/atxmega128a1u/avrxmega7/crtatxmega128a1u.o
 .debug_info    0x00003e5a      0xbb7 src/ASF/common/services/spi/xmega_spi/spi_master.o
 .debug_info    0x00004a11      0x718 src/ASF/common/services/clock/xmega/sysclk.o
 .debug_info    0x00005129      0x1b9 src/ASF/xmega/drivers/spi/spi.o
 .debug_info    0x000052e2      0x11d src/ASF/common/services/ioport/xmega/ioport_compat.o
 .debug_info    0x000053ff      0x3ea src/ASF/xmega/boards/xmega_a1u_xplained_pro/board_init.o
 .debug_info    0x000057e9      0xad8 src/main.o

.debug_abbrev   0x00000000     0x44d6
 *(.debug_abbrev)
 .debug_abbrev  0x00000000     0x3b0e C:/Program Files (x86)/Atmel/Studio/7.0/Packs/atmel/XMEGAA_DFP/1.1.63/gcc/dev/atxmega128a1u/avrxmega7/crtatxmega128a1u.o
 .debug_abbrev  0x00003b0e      0x29c src/ASF/common/services/spi/xmega_spi/spi_master.o
 .debug_abbrev  0x00003daa      0x237 src/ASF/common/services/clock/xmega/sysclk.o
 .debug_abbrev  0x00003fe1       0xf6 src/ASF/xmega/drivers/spi/spi.o
 .debug_abbrev  0x000040d7       0x93 src/ASF/common/services/ioport/xmega/ioport_compat.o
 .debug_abbrev  0x0000416a      0x160 src/ASF/xmega/boards/xmega_a1u_xplained_pro/board_init.o
 .debug_abbrev  0x000042ca      0x20c src/main.o

.debug_line     0x00000000     0x27d1
 *(.debug_line .debug_line.* .debug_line_end)
 .debug_line    0x00000000      0x3b5 C:/Program Files (x86)/Atmel/Studio/7.0/Packs/atmel/XMEGAA_DFP/1.1.63/gcc/dev/atxmega128a1u/avrxmega7/crtatxmega128a1u.o
 .debug_line    0x000003b5      0x79f src/ASF/common/services/spi/xmega_spi/spi_master.o
 .debug_line    0x00000b54      0x645 src/ASF/common/services/clock/xmega/sysclk.o
 .debug_line    0x00001199      0x4f7 src/ASF/xmega/drivers/spi/spi.o
 .debug_line    0x00001690      0x4b3 src/ASF/common/services/ioport/xmega/ioport_compat.o
 .debug_line    0x00001b43      0x4ea src/ASF/xmega/boards/xmega_a1u_xplained_pro/board_init.o
 .debug_line    0x0000202d      0x7a4 src/main.o

.debug_frame    0x00000000      0x24c
 *(.debug_frame)
 .debug_frame   0x00000000       0xa4 src/ASF/common/services/spi/xmega_spi/spi_master.o
 .debug_frame   0x000000a4       0x94 src/ASF/common/services/clock/xmega/sysclk.o
 .debug_frame   0x00000138       0x4c src/ASF/xmega/drivers/spi/spi.o
 .debug_frame   0x00000184       0x30 src/ASF/common/services/ioport/xmega/ioport_compat.o
 .debug_frame   0x000001b4       0x24 src/ASF/xmega/boards/xmega_a1u_xplained_pro/board_init.o
 .debug_frame   0x000001d8       0x74 src/main.o

.debug_str      0x00000000    0x3107a
 *(.debug_str)
 .debug_str     0x00000000     0x2969 C:/Program Files (x86)/Atmel/Studio/7.0/Packs/atmel/XMEGAA_DFP/1.1.63/gcc/dev/atxmega128a1u/avrxmega7/crtatxmega128a1u.o
 .debug_str     0x00002969    0x2e032 src/ASF/common/services/spi/xmega_spi/spi_master.o
                              0x2e836 (size before relaxing)
 .debug_str     0x0003099b      0x321 src/ASF/common/services/clock/xmega/sysclk.o
                              0x2df89 (size before relaxing)
 .debug_str     0x00030cbc       0xbf src/ASF/xmega/drivers/spi/spi.o
                              0x2b670 (size before relaxing)
 .debug_str     0x00030d7b       0xab src/ASF/common/services/ioport/xmega/ioport_compat.o
                              0x2b5f1 (size before relaxing)
 .debug_str     0x00030e26       0x5c src/ASF/xmega/boards/xmega_a1u_xplained_pro/board_init.o
                              0x2d864 (size before relaxing)
 .debug_str     0x00030e82      0x1f8 src/main.o
                              0x2e6f4 (size before relaxing)

.debug_loc      0x00000000      0xa0b
 *(.debug_loc)
 .debug_loc     0x00000000      0x531 src/ASF/common/services/spi/xmega_spi/spi_master.o
 .debug_loc     0x00000531      0x2c4 src/ASF/common/services/clock/xmega/sysclk.o
 .debug_loc     0x000007f5      0x105 src/ASF/xmega/drivers/spi/spi.o
 .debug_loc     0x000008fa       0x66 src/ASF/common/services/ioport/xmega/ioport_compat.o
 .debug_loc     0x00000960       0xab src/main.o

.debug_macinfo
 *(.debug_macinfo)

.debug_weaknames
 *(.debug_weaknames)

.debug_funcnames
 *(.debug_funcnames)

.debug_typenames
 *(.debug_typenames)

.debug_varnames
 *(.debug_varnames)

.debug_pubtypes
 *(.debug_pubtypes)

.debug_ranges   0x00000000       0xb8
 *(.debug_ranges)
 .debug_ranges  0x00000000       0x38 src/ASF/common/services/spi/xmega_spi/spi_master.o
 .debug_ranges  0x00000038       0x30 src/ASF/common/services/clock/xmega/sysclk.o
 .debug_ranges  0x00000068       0x10 src/ASF/xmega/drivers/spi/spi.o
 .debug_ranges  0x00000078       0x10 src/ASF/common/services/ioport/xmega/ioport_compat.o
 .debug_ranges  0x00000088       0x10 src/ASF/xmega/boards/xmega_a1u_xplained_pro/board_init.o
 .debug_ranges  0x00000098       0x20 src/main.o

.debug_macro    0x00000000     0xb0e9
 *(.debug_macro)
 .debug_macro   0x00000000      0x235 src/ASF/common/services/spi/xmega_spi/spi_master.o
 .debug_macro   0x00000235      0xa96 src/ASF/common/services/spi/xmega_spi/spi_master.o
 .debug_macro   0x00000ccb       0x10 src/ASF/common/services/spi/xmega_spi/spi_master.o
 .debug_macro   0x00000cdb      0x1c9 src/ASF/common/services/spi/xmega_spi/spi_master.o
 .debug_macro   0x00000ea4      0x2fc src/ASF/common/services/spi/xmega_spi/spi_master.o
 .debug_macro   0x000011a0       0x9e src/ASF/common/services/spi/xmega_spi/spi_master.o
 .debug_macro   0x0000123e     0x6ddf src/ASF/common/services/spi/xmega_spi/spi_master.o
 .debug_macro   0x0000801d       0x9a src/ASF/common/services/spi/xmega_spi/spi_master.o
 .debug_macro   0x000080b7       0xf1 src/ASF/common/services/spi/xmega_spi/spi_master.o
 .debug_macro   0x000081a8       0x34 src/ASF/common/services/spi/xmega_spi/spi_master.o
 .debug_macro   0x000081dc       0x10 src/ASF/common/services/spi/xmega_spi/spi_master.o
 .debug_macro   0x000081ec       0x18 src/ASF/common/services/spi/xmega_spi/spi_master.o
 .debug_macro   0x00008204       0x5e src/ASF/common/services/spi/xmega_spi/spi_master.o
 .debug_macro   0x00008262       0x10 src/ASF/common/services/spi/xmega_spi/spi_master.o
 .debug_macro   0x00008272       0x22 src/ASF/common/services/spi/xmega_spi/spi_master.o
 .debug_macro   0x00008294      0x166 src/ASF/common/services/spi/xmega_spi/spi_master.o
 .debug_macro   0x000083fa       0x1c src/ASF/common/services/spi/xmega_spi/spi_master.o
 .debug_macro   0x00008416       0x35 src/ASF/common/services/spi/xmega_spi/spi_master.o
 .debug_macro   0x0000844b       0x66 src/ASF/common/services/spi/xmega_spi/spi_master.o
 .debug_macro   0x000084b1      0x652 src/ASF/common/services/spi/xmega_spi/spi_master.o
 .debug_macro   0x00008b03       0x97 src/ASF/common/services/spi/xmega_spi/spi_master.o
 .debug_macro   0x00008b9a       0x17 src/ASF/common/services/spi/xmega_spi/spi_master.o
 .debug_macro   0x00008bb1      0x250 src/ASF/common/services/spi/xmega_spi/spi_master.o
 .debug_macro   0x00008e01       0x76 src/ASF/common/services/spi/xmega_spi/spi_master.o
 .debug_macro   0x00008e77       0x16 src/ASF/common/services/spi/xmega_spi/spi_master.o
 .debug_macro   0x00008e8d      0x6e3 src/ASF/common/services/spi/xmega_spi/spi_master.o
 .debug_macro   0x00009570       0x10 src/ASF/common/services/spi/xmega_spi/spi_master.o
 .debug_macro   0x00009580      0x175 src/ASF/common/services/spi/xmega_spi/spi_master.o
 .debug_macro   0x000096f5       0x40 src/ASF/common/services/spi/xmega_spi/spi_master.o
 .debug_macro   0x00009735       0x69 src/ASF/common/services/spi/xmega_spi/spi_master.o
 .debug_macro   0x0000979e       0x32 src/ASF/common/services/spi/xmega_spi/spi_master.o
 .debug_macro   0x000097d0       0xe4 src/ASF/common/services/spi/xmega_spi/spi_master.o
 .debug_macro   0x000098b4       0x9a src/ASF/common/services/spi/xmega_spi/spi_master.o
 .debug_macro   0x0000994e      0x109 src/ASF/common/services/spi/xmega_spi/spi_master.o
 .debug_macro   0x00009a57       0x2e src/ASF/common/services/spi/xmega_spi/spi_master.o
 .debug_macro   0x00009a85       0x22 src/ASF/common/services/spi/xmega_spi/spi_master.o
 .debug_macro   0x00009aa7      0x2bf src/ASF/common/services/spi/xmega_spi/spi_master.o
 .debug_macro   0x00009d66      0x530 src/ASF/common/services/spi/xmega_spi/spi_master.o
 .debug_macro   0x0000a296       0x7d src/ASF/common/services/spi/xmega_spi/spi_master.o
 .debug_macro   0x0000a313       0x2f src/ASF/common/services/spi/xmega_spi/spi_master.o
 .debug_macro   0x0000a342      0x154 src/ASF/common/services/spi/xmega_spi/spi_master.o
 .debug_macro   0x0000a496      0x1eb src/ASF/common/services/clock/xmega/sysclk.o
 .debug_macro   0x0000a681       0x26 src/ASF/common/services/clock/xmega/sysclk.o
 .debug_macro   0x0000a6a7      0x1a7 src/ASF/xmega/drivers/spi/spi.o
 .debug_macro   0x0000a84e      0x193 src/ASF/common/services/ioport/xmega/ioport_compat.o
 .debug_macro   0x0000a9e1      0x1bc src/ASF/xmega/boards/xmega_a1u_xplained_pro/board_init.o
 .debug_macro   0x0000ab9d      0x2b9 src/ASF/xmega/boards/xmega_a1u_xplained_pro/board_init.o
 .debug_macro   0x0000ae56      0x25f src/main.o
 .debug_macro   0x0000b0b5       0x34 src/main.o
OUTPUT(SPI_Thermo_test.elf elf32-avr)
LOAD linker stubs

.BOOT           0x00020000        0x0
